 ODbgScript

 Timestamp is 46422bc4 (Wed May 09 22:15:00 2007)

 Preferred load address is 10000000

 Start         Length     Name                   Class
 0001:00000000 0006f77fH .text                   CODE
 0001:0006f780 00005903H .text$x                 CODE
 0002:00000000 000002d8H .idata$5                DATA
 0002:000002d8 0000248dH .rdata                  DATA
 0002:00002768 00001164H .rdata$r                DATA
 0002:000038d0 000069d8H .xdata$x                DATA
 0002:0000a2a8 00000078H .idata$2                DATA
 0002:0000a320 00000014H .idata$3                DATA
 0002:0000a334 000002d8H .idata$4                DATA
 0002:0000a60c 000008b4H .idata$6                DATA
 0002:0000aec0 0000016aH .edata                  DATA
 0003:00000000 00000004H .CRT$XCA                DATA
 0003:00000004 000000acH .CRT$XCU                DATA
 0003:000000b0 00000004H .CRT$XCZ                DATA
 0003:000000b4 00000004H .CRT$XIA                DATA
 0003:000000b8 00000010H .CRT$XIC                DATA
 0003:000000c8 00000004H .CRT$XIY                DATA
 0003:000000cc 00000004H .CRT$XIZ                DATA
 0003:000000d0 00000004H .CRT$XPA                DATA
 0003:000000d4 00000004H .CRT$XPX                DATA
 0003:000000d8 00000004H .CRT$XPZ                DATA
 0003:000000dc 00000004H .CRT$XTA                DATA
 0003:000000e0 00000004H .CRT$XTB                DATA
 0003:000000e4 00000004H .CRT$XTZ                DATA
 0003:000000f0 00003becH .data                   DATA
 0003:00003ce0 00022504H .bss                    DATA
 0004:00000000 00000280H .rsrc$01                DATA
 0004:00000280 000046d0H .rsrc$02                DATA

  Address         Publics by Value              Rva+Base     Lib:Object

 0001:00000000       ___dummy                   10001000 f i guicon.obj
 0001:000000c6       ?RedirectIOToConsole@@YAXXZ 100010c6 f   guicon.obj
 0001:000002b0       ?sync_with_stdio@ios_base@std@@SA_N_N@Z 100012b0 f i guicon.obj
 0001:00000310       ?id@?$ctype@G@std@@$D      10001310 f i guicon.obj
 0001:00000340       ?id@?$ctype@G@std@@$E      10001340 f i guicon.obj
 0001:00000406       ?mruAddFile@@YAXPAD@Z      10001406 f   HelperFunctions.obj
 0001:0000063a       ?mruGetMenu@@YAHPAD@Z      1000163a f   HelperFunctions.obj
 0001:0000096c       ?mruGetCurrentMenu@@YAHPAD@Z 1000196c f   HelperFunctions.obj
 0001:00000c60       ?mruGetCurrentMenu@@YAHPAUHMENU__@@H@Z 10001c60 f   HelperFunctions.obj
 0001:00000e0e       ?mruCmdMenu@@YAHPAUHMENU__@@H@Z 10001e0e f   HelperFunctions.obj
 0001:00000e42       ?hwndOllyDbg@@YAPAUHWND__@@XZ 10001e42 f   HelperFunctions.obj
 0001:00000e6b       ?hinstModule@@YAPAUHINSTANCE__@@XZ 10001e6b f   HelperFunctions.obj
 0001:00000ea0       ?DbgMsg@@YAXHPAD@Z         10001ea0 f   HelperFunctions.obj
 0001:00000f07       ?DbgMsg@@YAXHV?$basic_string@DU?$char_traits@D@std@@V?$allocator@D@2@@std@@@Z 10001f07 f   HelperFunctions.obj
 0001:00000fa8       ?DbgMsgHex@@YAXHPAD@Z      10001fa8 f   HelperFunctions.obj
 0001:0000100f       ?DbgMsgHex@@YAXHV?$basic_string@DU?$char_traits@D@std@@V?$allocator@D@2@@std@@@Z 1000200f f   HelperFunctions.obj
 0001:000010b0       ?ToLower@@YA?AV?$basic_string@DU?$char_traits@D@std@@V?$allocator@D@2@@std@@V12@@Z 100020b0 f   HelperFunctions.obj
 0001:0000119b       ?searchx@@YAHPADH0HD@Z     1000219b f   HelperFunctions.obj
 0001:00001245       ?trim@@YA?AV?$basic_string@DU?$char_traits@D@std@@V?$allocator@D@2@@std@@ABV12@@Z 10002245 f   HelperFunctions.obj
 0001:000012e4       ?split@@YA_NAAV?$vector@V?$basic_string@DU?$char_traits@D@std@@V?$allocator@D@2@@std@@V?$allocator@V?$basic_string@DU?$char_traits@D@std@@V?$allocator@D@2@@std@@@2@@std@@ABV?$basic_string@DU?$char_traits@D@std@@V?$allocator@D@2@@2@D@Z 100022e4 f   HelperFunctions.obj
 0001:00001564       ?is_hex@@YA_NAAV?$basic_string@DU?$char_traits@D@std@@V?$allocator@D@2@@std@@@Z 10002564 f   HelperFunctions.obj
 0001:0000158d       ?is_dec@@YA_NAAV?$basic_string@DU?$char_traits@D@std@@V?$allocator@D@2@@std@@@Z 1000258d f   HelperFunctions.obj
 0001:0000161b       ?is_float@@YA_NAAV?$basic_string@DU?$char_traits@D@std@@V?$allocator@D@2@@std@@@Z 1000261b f   HelperFunctions.obj
 0001:000016d4       ?ReplaceString@@YAXAAV?$basic_string@DU?$char_traits@D@std@@V?$allocator@D@2@@std@@PAD1@Z 100026d4 f   HelperFunctions.obj
 0001:00001778       ?is_hexwild@@YA_NAAV?$basic_string@DU?$char_traits@D@std@@V?$allocator@D@2@@std@@@Z 10002778 f   HelperFunctions.obj
 0001:00001809       ?UnquoteString@@YA_NAAV?$basic_string@DU?$char_traits@D@std@@V?$allocator@D@2@@std@@DD@Z 10002809 f   HelperFunctions.obj
 0001:00001905       ?Str2Hex@@YAHAAV?$basic_string@DU?$char_traits@D@std@@V?$allocator@D@2@@std@@0@Z 10002905 f   HelperFunctions.obj
 0001:0000192a       ?Str2Hex@@YAHAAV?$basic_string@DU?$char_traits@D@std@@V?$allocator@D@2@@std@@0K@Z 1000292a f   HelperFunctions.obj
 0001:000019ae       ?Int2Hex@@YAHKAAV?$basic_string@DU?$char_traits@D@std@@V?$allocator@D@2@@std@@@Z 100029ae f   HelperFunctions.obj
 0001:000019fe       ?Str2Rgch@@YAHAAV?$basic_string@DU?$char_traits@D@std@@V?$allocator@D@2@@std@@PADI@Z 100029fe f   HelperFunctions.obj
 0001:00001ad1       ?Str2RgchWithWC@@YAHAAV?$basic_string@DU?$char_traits@D@std@@V?$allocator@D@2@@std@@PADID@Z 10002ad1 f   HelperFunctions.obj
 0001:00001bcf       ?strtof@@YAOAAV?$basic_string@DU?$char_traits@D@std@@V?$allocator@D@2@@std@@@Z 10002bcf f   HelperFunctions.obj
 0001:00001c1c       ?GetWildcard@@YADAAV?$basic_string@DU?$char_traits@D@std@@V?$allocator@D@2@@std@@@Z 10002c1c f   HelperFunctions.obj
 0001:00001d80       ?RgchContains@@YA_NPADI0I@Z 10002d80 f   HelperFunctions.obj
 0001:00001dd5       ?GetWildcardBytePositions@@YA_NV?$basic_string@DU?$char_traits@D@std@@V?$allocator@D@2@@std@@PAV?$vector@HV?$allocator@H@std@@@2@@Z 10002dd5 f   HelperFunctions.obj
 0001:00001ec3       ?SaveDump@@YA_NV?$basic_string@DU?$char_traits@D@std@@V?$allocator@D@2@@std@@K@Z 10002ec3 f   HelperFunctions.obj
 0001:00002252       ?GetPEInfo@@YA_NK@Z        10003252 f   HelperFunctions.obj
 0001:00002636       ?EnumThreadWndProc@@YGHPAUHWND__@@J@Z 10003636 f   HelperFunctions.obj
 0001:00002678       ?FindHandle@@YAPAUHWND__@@KV?$basic_string@DU?$char_traits@D@std@@V?$allocator@D@2@@std@@JJ@Z 10003678 f   HelperFunctions.obj
 0001:00002869       ?resizeDW@@YAKKK@Z         10003869 f   HelperFunctions.obj
 0001:000028c2       ?resizeSTR@@YAXAAV?$basic_string@DU?$char_traits@D@std@@V?$allocator@D@2@@std@@K@Z 100038c2 f   HelperFunctions.obj
 0001:0000295c       ?ESPRun@@YA_NXZ            1000395c f   HelperFunctions.obj
 0001:00002a60       ?endl@std@@YAAAV?$basic_ostream@DU?$char_traits@D@std@@@1@AAV21@@Z 10003a60 f i HelperFunctions.obj
 0001:00002a90       ??0?$basic_string@DU?$char_traits@D@std@@V?$allocator@D@2@@std@@QAE@ABV?$allocator@D@1@@Z 10003a90 f i HelperFunctions.obj
 0001:00002ad0       ??0?$basic_string@DU?$char_traits@D@std@@V?$allocator@D@2@@std@@QAE@ABV01@@Z 10003ad0 f i HelperFunctions.obj
 0001:00002b20       ??1?$basic_string@DU?$char_traits@D@std@@V?$allocator@D@2@@std@@QAE@XZ 10003b20 f i HelperFunctions.obj
 0001:00002b50       ??4?$basic_string@DU?$char_traits@D@std@@V?$allocator@D@2@@std@@QAEAAV01@ABV01@@Z 10003b50 f i HelperFunctions.obj
 0001:00002b80       ??4?$basic_string@DU?$char_traits@D@std@@V?$allocator@D@2@@std@@QAEAAV01@PBD@Z 10003b80 f i HelperFunctions.obj
 0001:00002bb0       ?append@?$basic_string@DU?$char_traits@D@std@@V?$allocator@D@2@@std@@QAEAAV12@PBD@Z 10003bb0 f i HelperFunctions.obj
 0001:00002bf0       ?length@?$char_traits@D@std@@SAIPBD@Z 10003bf0 f i HelperFunctions.obj
 0001:00002c10       ?insert@?$basic_string@DU?$char_traits@D@std@@V?$allocator@D@2@@std@@QAEAAV12@IPBD@Z 10003c10 f i HelperFunctions.obj
 0001:00002c50       ?erase@?$basic_string@DU?$char_traits@D@std@@V?$allocator@D@2@@std@@QAEAAV12@II@Z 10003c50 f i HelperFunctions.obj
 0001:00002d10       ?move@?$char_traits@D@std@@SAPADPADPBDI@Z 10003d10 f i HelperFunctions.obj
 0001:00002d30       ?begin@?$basic_string@DU?$char_traits@D@std@@V?$allocator@D@2@@std@@QAEPADXZ 10003d30 f i HelperFunctions.obj
 0001:00002d60       ?end@?$basic_string@DU?$char_traits@D@std@@V?$allocator@D@2@@std@@QAEPADXZ 10003d60 f i HelperFunctions.obj
 0001:00002da0       ?at@?$basic_string@DU?$char_traits@D@std@@V?$allocator@D@2@@std@@QAEAADI@Z 10003da0 f i HelperFunctions.obj
 0001:00002de0       ??A?$basic_string@DU?$char_traits@D@std@@V?$allocator@D@2@@std@@QAEAADI@Z 10003de0 f i HelperFunctions.obj
 0001:00002e30       ??A?$basic_string@DU?$char_traits@D@std@@V?$allocator@D@2@@std@@QBEABDI@Z 10003e30 f i HelperFunctions.obj
 0001:00002e70       ?c_str@?$basic_string@DU?$char_traits@D@std@@V?$allocator@D@2@@std@@QBEPBDXZ 10003e70 f i HelperFunctions.obj
 0001:00002ec0       ?length@?$basic_string@DU?$char_traits@D@std@@V?$allocator@D@2@@std@@QBEIXZ 10003ec0 f i HelperFunctions.obj
 0001:00002ee0       ?size@?$basic_string@DU?$char_traits@D@std@@V?$allocator@D@2@@std@@QBEIXZ 10003ee0 f i HelperFunctions.obj
 0001:00002f00       ?find@?$basic_string@DU?$char_traits@D@std@@V?$allocator@D@2@@std@@QBEIPBDI@Z 10003f00 f i HelperFunctions.obj
 0001:00002f40       ?find@?$basic_string@DU?$char_traits@D@std@@V?$allocator@D@2@@std@@QBEIDI@Z 10003f40 f i HelperFunctions.obj
 0001:00002f70       ?rfind@?$basic_string@DU?$char_traits@D@std@@V?$allocator@D@2@@std@@QBEIDI@Z 10003f70 f i HelperFunctions.obj
 0001:00002fa0       ?find_first_not_of@?$basic_string@DU?$char_traits@D@std@@V?$allocator@D@2@@std@@QBEIPBDI@Z 10003fa0 f i HelperFunctions.obj
 0001:00002fe0       ?find_last_not_of@?$basic_string@DU?$char_traits@D@std@@V?$allocator@D@2@@std@@QBEIPBDI@Z 10003fe0 f i HelperFunctions.obj
 0001:00003020       ?substr@?$basic_string@DU?$char_traits@D@std@@V?$allocator@D@2@@std@@QBE?AV12@II@Z 10004020 f i HelperFunctions.obj
 0001:00003080       ??6?$basic_ostream@DU?$char_traits@D@std@@@std@@QAEAAV01@P6AAAV01@AAV01@@Z@Z 10004080 f i HelperFunctions.obj
 0001:000030c0       ??6?$basic_ostream@DU?$char_traits@D@std@@@std@@QAEAAV01@H@Z 100040c0 f i HelperFunctions.obj
 0001:000032b0       ??1locale@std@@QAE@XZ      100042b0 f i HelperFunctions.obj
 0001:00003320       ?_Decref@facet@locale@std@@QAEPAV123@XZ 10004320 f i HelperFunctions.obj
 0001:000033a0       ?flags@ios_base@std@@QBEHXZ 100043a0 f i HelperFunctions.obj
 0001:000033c0       ?getloc@ios_base@std@@QBE?AVlocale@2@XZ 100043c0 f i HelperFunctions.obj
 0001:00003410       ??0locale@std@@QAE@ABV01@@Z 10004410 f i HelperFunctions.obj
 0001:00003450       ?_Incref@facet@locale@std@@QAEXXZ 10004450 f i HelperFunctions.obj
 0001:000034a0       ?put@?$basic_ostream@DU?$char_traits@D@std@@@std@@QAEAAV12@D@Z 100044a0 f i HelperFunctions.obj
 0001:000035e0       ?eq_int_type@?$char_traits@D@std@@SA_NABH0@Z 100045e0 f i HelperFunctions.obj
 0001:00003600       ?eof@?$char_traits@D@std@@SAHXZ 10004600 f i HelperFunctions.obj
 0001:00003610       ?flush@?$basic_ostream@DU?$char_traits@D@std@@@std@@QAEAAV12@XZ 10004610 f i HelperFunctions.obj
 0001:000036a0       ?fail@ios_base@std@@QBE_NXZ 100046a0 f i HelperFunctions.obj
 0001:000036d0       ?rdstate@ios_base@std@@QBEHXZ 100046d0 f i HelperFunctions.obj
 0001:000036f0       ?setstate@?$basic_ios@DU?$char_traits@D@std@@@std@@QAEXH_N@Z 100046f0 f i HelperFunctions.obj
 0001:00003730       ?rdbuf@?$basic_ios@DU?$char_traits@D@std@@@std@@QBEPAV?$basic_streambuf@DU?$char_traits@D@std@@@2@XZ 10004730 f i HelperFunctions.obj
 0001:00003750       ?push_back@?$vector@V?$basic_string@DU?$char_traits@D@std@@V?$allocator@D@2@@std@@V?$allocator@V?$basic_string@DU?$char_traits@D@std@@V?$allocator@D@2@@std@@@2@@std@@QAEXABV?$basic_string@DU?$char_traits@D@std@@V?$allocator@D@2@@2@@Z 10004750 f i HelperFunctions.obj
 0001:00003790       ??0?$vector@HV?$allocator@H@std@@@std@@QAE@ABV?$allocator@H@1@@Z 10004790 f i HelperFunctions.obj
 0001:000037d0       ??1?$vector@HV?$allocator@H@std@@@std@@QAE@XZ 100047d0 f i HelperFunctions.obj
 0001:00003840       ?begin@?$vector@HV?$allocator@H@std@@@std@@QAEPAHXZ 10004840 f i HelperFunctions.obj
 0001:00003860       ?end@?$vector@HV?$allocator@H@std@@@std@@QAEPAHXZ 10004860 f i HelperFunctions.obj
 0001:00003880       ?size@?$vector@HV?$allocator@H@std@@@std@@QBEIXZ 10004880 f i HelperFunctions.obj
 0001:000038d0       ?at@?$vector@HV?$allocator@H@std@@@std@@QAEAAHI@Z 100048d0 f i HelperFunctions.obj
 0001:00003920       ?push_back@?$vector@HV?$allocator@H@std@@@std@@QAEXABH@Z 10004920 f i HelperFunctions.obj
 0001:00003960       ??0?$vector@EV?$allocator@E@std@@@std@@QAE@ABV?$allocator@E@1@@Z 10004960 f i HelperFunctions.obj
 0001:000039a0       ??1?$vector@EV?$allocator@E@std@@@std@@QAE@XZ 100049a0 f i HelperFunctions.obj
 0001:00003a10       ?begin@?$vector@EV?$allocator@E@std@@@std@@QAEPAEXZ 10004a10 f i HelperFunctions.obj
 0001:00003a30       ?end@?$vector@EV?$allocator@E@std@@@std@@QAEPAEXZ 10004a30 f i HelperFunctions.obj
 0001:00003a50       ?push_back@?$vector@EV?$allocator@E@std@@@std@@QAEXABE@Z 10004a50 f i HelperFunctions.obj
 0001:00003a90       ??0?$basic_string@DU?$char_traits@D@std@@V?$allocator@D@2@@std@@QAE@ABV01@IIABV?$allocator@D@1@@Z 10004a90 f i HelperFunctions.obj
 0001:00003ae0       ?append@?$basic_string@DU?$char_traits@D@std@@V?$allocator@D@2@@std@@QAEAAV12@PBDI@Z 10004ae0 f i HelperFunctions.obj
 0001:00003b80       ?copy@?$char_traits@D@std@@SAPADPADPBDI@Z 10004b80 f i HelperFunctions.obj
 0001:00003ba0       ?assign@?$basic_string@DU?$char_traits@D@std@@V?$allocator@D@2@@std@@QAEAAV12@ABV12@@Z 10004ba0 f i HelperFunctions.obj
 0001:00003be0       ?assign@?$basic_string@DU?$char_traits@D@std@@V?$allocator@D@2@@std@@QAEAAV12@ABV12@II@Z 10004be0 f i HelperFunctions.obj
 0001:00003d60       ?assign@?$basic_string@DU?$char_traits@D@std@@V?$allocator@D@2@@std@@QAEAAV12@PBD@Z 10004d60 f i HelperFunctions.obj
 0001:00003da0       ?insert@?$basic_string@DU?$char_traits@D@std@@V?$allocator@D@2@@std@@QAEAAV12@IPBDI@Z 10004da0 f i HelperFunctions.obj
 0001:00003e70       ?find@?$basic_string@DU?$char_traits@D@std@@V?$allocator@D@2@@std@@QBEIPBDII@Z 10004e70 f i HelperFunctions.obj
 0001:00003f60       ?compare@?$char_traits@D@std@@SAHPBD0I@Z 10004f60 f i HelperFunctions.obj
 0001:00003f80       ?find@?$char_traits@D@std@@SAPBDPBDIABD@Z 10004f80 f i HelperFunctions.obj
 0001:00003fb0       ?rfind@?$basic_string@DU?$char_traits@D@std@@V?$allocator@D@2@@std@@QBEIPBDII@Z 10004fb0 f i HelperFunctions.obj
 0001:000040a0       ?eq@?$char_traits@D@std@@SA_NABD0@Z 100050a0 f i HelperFunctions.obj
 0001:000040c0       ?find_first_not_of@?$basic_string@DU?$char_traits@D@std@@V?$allocator@D@2@@std@@QBEIPBDII@Z 100050c0 f i HelperFunctions.obj
 0001:00004160       ?find_last_not_of@?$basic_string@DU?$char_traits@D@std@@V?$allocator@D@2@@std@@QBEIPBDII@Z 10005160 f i HelperFunctions.obj
 0001:00004210       ?_Eos@?$basic_string@DU?$char_traits@D@std@@V?$allocator@D@2@@std@@AAEXI@Z 10005210 f i HelperFunctions.obj
 0001:00004260       ?assign@?$char_traits@D@std@@SAXAADABD@Z 10005260 f i HelperFunctions.obj
 0001:00004270       ?_Freeze@?$basic_string@DU?$char_traits@D@std@@V?$allocator@D@2@@std@@AAEXXZ 10005270 f i HelperFunctions.obj
 0001:00004300       ?_Grow@?$basic_string@DU?$char_traits@D@std@@V?$allocator@D@2@@std@@AAE_NI_N@Z 10005300 f i HelperFunctions.obj
 0001:00004460       ?_Nullstr@?$basic_string@DU?$char_traits@D@std@@V?$allocator@D@2@@std@@CAPBDXZ 10005460 f i HelperFunctions.obj
 0001:00004470       ?_Psum@?$basic_string@DU?$char_traits@D@std@@V?$allocator@D@2@@std@@CAPADPADI@Z 10005470 f i HelperFunctions.obj
 0001:000044a0       ?_Split@?$basic_string@DU?$char_traits@D@std@@V?$allocator@D@2@@std@@AAEXXZ 100054a0 f i HelperFunctions.obj
 0001:00004520       ?_Tidy@?$basic_string@DU?$char_traits@D@std@@V?$allocator@D@2@@std@@AAEX_N@Z 10005520 f i HelperFunctions.obj
 0001:000045f0       ?clear@?$basic_ios@DU?$char_traits@D@std@@@std@@QAEXH_N@Z 100055f0 f i HelperFunctions.obj
 0001:00004650       ?fill@?$basic_ios@DU?$char_traits@D@std@@@std@@QBEDXZ 10005650 f i HelperFunctions.obj
 0001:00004670       ??0sentry@?$basic_ostream@DU?$char_traits@D@std@@@std@@QAE@AAV12@@Z 10005670 f i HelperFunctions.obj
 0001:000046b0       ??1sentry@?$basic_ostream@DU?$char_traits@D@std@@@std@@QAE@XZ 100056b0 f i HelperFunctions.obj
 0001:000046f0       ??Bsentry@?$basic_ostream@DU?$char_traits@D@std@@@std@@QBE_NXZ 100056f0 f i HelperFunctions.obj
 0001:00004710       ?pubsync@?$basic_streambuf@DU?$char_traits@D@std@@@std@@QAEHXZ 10005710 f i HelperFunctions.obj
 0001:00004750       ?sputc@?$basic_streambuf@DU?$char_traits@D@std@@@std@@QAEHD@Z 10005750 f i HelperFunctions.obj
 0001:000047f0       ?to_int_type@?$char_traits@D@std@@SAHABD@Z 100057f0 f i HelperFunctions.obj
 0001:00004800       ?pptr@?$basic_streambuf@DU?$char_traits@D@std@@@std@@IBEPADXZ 10005800 f i HelperFunctions.obj
 0001:00004820       ?epptr@?$basic_streambuf@DU?$char_traits@D@std@@@std@@IBEPADXZ 10005820 f i HelperFunctions.obj
 0001:00004850       ?end@?$vector@V?$basic_string@DU?$char_traits@D@std@@V?$allocator@D@2@@std@@V?$allocator@V?$basic_string@DU?$char_traits@D@std@@V?$allocator@D@2@@std@@@2@@std@@QAEPAV?$basic_string@DU?$char_traits@D@std@@V?$allocator@D@2@@2@XZ 10005850 f i HelperFunctions.obj
 0001:00004870       ?insert@?$vector@V?$basic_string@DU?$char_traits@D@std@@V?$allocator@D@2@@std@@V?$allocator@V?$basic_string@DU?$char_traits@D@std@@V?$allocator@D@2@@std@@@2@@std@@QAEPAV?$basic_string@DU?$char_traits@D@std@@V?$allocator@D@2@@2@PAV32@ABV32@@Z 10005870 f i HelperFunctions.obj
 0001:000048d0       ?deallocate@?$allocator@H@std@@QAEXPAXI@Z 100058d0 f i HelperFunctions.obj
 0001:00004900       ?insert@?$vector@HV?$allocator@H@std@@@std@@QAEPAHPAHABH@Z 10005900 f i HelperFunctions.obj
 0001:00004960       ?_Destroy@?$vector@HV?$allocator@H@std@@@std@@IAEXPAH0@Z 10005960 f i HelperFunctions.obj
 0001:000049a0       ?_Xran@?$vector@HV?$allocator@H@std@@@std@@IBEXXZ 100059a0 f i HelperFunctions.obj
 0001:00004a20       ??0logic_error@std@@QAE@ABV01@@Z 10005a20 f i HelperFunctions.obj
 0001:00004aa0       ?what@logic_error@std@@UBEPBDXZ 10005aa0 f i HelperFunctions.obj
 0001:00004ad0       ?_Doraise@logic_error@std@@MBEXXZ 10005ad0 f i HelperFunctions.obj
 0001:00004b20       ??1logic_error@std@@UAE@XZ 10005b20 f i HelperFunctions.obj
 0001:00004b90       ??_Elogic_error@std@@UAEPAXI@Z 10005b90 f i HelperFunctions.obj
 0001:00004b90       ??_Glogic_error@std@@UAEPAXI@Z 10005b90 f i HelperFunctions.obj
 0001:00004bd0       ??0out_of_range@std@@QAE@ABV?$basic_string@DU?$char_traits@D@std@@V?$allocator@D@2@@1@@Z 10005bd0 f i HelperFunctions.obj
 0001:00004c10       ??0logic_error@std@@QAE@ABV?$basic_string@DU?$char_traits@D@std@@V?$allocator@D@2@@1@@Z 10005c10 f i HelperFunctions.obj
 0001:00004ca0       ??1out_of_range@std@@UAE@XZ 10005ca0 f i HelperFunctions.obj
 0001:00004cd0       ?_Doraise@out_of_range@std@@MBEXXZ 10005cd0 f i HelperFunctions.obj
 0001:00004d20       ??_Eout_of_range@std@@UAEPAXI@Z 10005d20 f i HelperFunctions.obj
 0001:00004d20       ??_Gout_of_range@std@@UAEPAXI@Z 10005d20 f i HelperFunctions.obj
 0001:00004d60       ??0out_of_range@std@@QAE@ABV01@@Z 10005d60 f i HelperFunctions.obj
 0001:00004da0       ??0?$basic_string@DU?$char_traits@D@std@@V?$allocator@D@2@@std@@QAE@PBDABV?$allocator@D@1@@Z 10005da0 f i HelperFunctions.obj
 0001:00004df0       ?insert@?$vector@EV?$allocator@E@std@@@std@@QAEPAEPAEABE@Z 10005df0 f i HelperFunctions.obj
 0001:00004e50       ?_Destroy@?$vector@EV?$allocator@E@std@@@std@@IAEXPAE0@Z 10005e50 f i HelperFunctions.obj
 0001:00004e90       ?deallocate@?$allocator@E@std@@QAEXPAXI@Z 10005e90 f i HelperFunctions.obj
 0001:00004ec0       ?put@?$num_put@DV?$ostreambuf_iterator@DU?$char_traits@D@std@@@std@@@std@@QBE?AV?$ostreambuf_iterator@DU?$char_traits@D@std@@@2@V32@AAVios_base@2@DJ@Z 10005ec0 f i HelperFunctions.obj
 0001:00004f30       ??0?$ostreambuf_iterator@DU?$char_traits@D@std@@@std@@QAE@PAV?$basic_streambuf@DU?$char_traits@D@std@@@1@@Z 10005f30 f i HelperFunctions.obj
 0001:00004f60       ?failed@?$ostreambuf_iterator@DU?$char_traits@D@std@@@std@@QBE_NXZ 10005f60 f i HelperFunctions.obj
 0001:00004f80       ?assign@?$basic_string@DU?$char_traits@D@std@@V?$allocator@D@2@@std@@QAEAAV12@PBDI@Z 10005f80 f i HelperFunctions.obj
 0001:00004fe0       ?max_size@?$basic_string@DU?$char_traits@D@std@@V?$allocator@D@2@@std@@QBEIXZ 10005fe0 f i HelperFunctions.obj
 0001:00005040       ?capacity@?$basic_string@DU?$char_traits@D@std@@V?$allocator@D@2@@std@@QBEIXZ 10006040 f i HelperFunctions.obj
 0001:00005060       ?_Copy@?$basic_string@DU?$char_traits@D@std@@V?$allocator@D@2@@std@@AAEXI@Z 10006060 f i HelperFunctions.obj
 0001:000051c0       ?_Refcnt@?$basic_string@DU?$char_traits@D@std@@V?$allocator@D@2@@std@@AAEAAEPBD@Z 100061c0 f i HelperFunctions.obj
 0001:000051e0       ?deallocate@?$allocator@D@std@@QAEXPAXI@Z 100061e0 f i HelperFunctions.obj
 0001:00005210       ?opfx@?$basic_ostream@DU?$char_traits@D@std@@@std@@QAE_NXZ 10006210 f i HelperFunctions.obj
 0001:00005290       ?good@ios_base@std@@QBE_NXZ 10006290 f i HelperFunctions.obj
 0001:000052c0       ?osfx@?$basic_ostream@DU?$char_traits@D@std@@@std@@QAEXXZ 100062c0 f i HelperFunctions.obj
 0001:00005300       ?tie@?$basic_ios@DU?$char_traits@D@std@@@std@@QBEPAV?$basic_ostream@DU?$char_traits@D@std@@@2@XZ 10006300 f i HelperFunctions.obj
 0001:00005320       ?_Pninc@?$basic_streambuf@DU?$char_traits@D@std@@@std@@IAEPADXZ 10006320 f i HelperFunctions.obj
 0001:00005360       ?begin@?$vector@V?$basic_string@DU?$char_traits@D@std@@V?$allocator@D@2@@std@@V?$allocator@V?$basic_string@DU?$char_traits@D@std@@V?$allocator@D@2@@std@@@2@@std@@QAEPAV?$basic_string@DU?$char_traits@D@std@@V?$allocator@D@2@@2@XZ 10006360 f i HelperFunctions.obj
 0001:00005380       ?insert@?$vector@V?$basic_string@DU?$char_traits@D@std@@V?$allocator@D@2@@std@@V?$allocator@V?$basic_string@DU?$char_traits@D@std@@V?$allocator@D@2@@std@@@2@@std@@QAEXPAV?$basic_string@DU?$char_traits@D@std@@V?$allocator@D@2@@2@IABV32@@Z 10006380 f i HelperFunctions.obj
 0001:000055d0       ?destroy@?$allocator@H@std@@QAEXPAH@Z 100065d0 f i HelperFunctions.obj
 0001:00005600       ?insert@?$vector@HV?$allocator@H@std@@@std@@QAEXPAHIABH@Z 10006600 f i HelperFunctions.obj
 0001:00005840       ?insert@?$vector@EV?$allocator@E@std@@@std@@QAEXPAEIABE@Z 10006840 f i HelperFunctions.obj
 0001:00005a50       ?destroy@?$allocator@E@std@@QAEXPAE@Z 10006a50 f i HelperFunctions.obj
 0001:00005a80       ?allocate@?$allocator@D@std@@QAEPADIPBX@Z 10006a80 f i HelperFunctions.obj
 0001:00005ab0       ?max_size@?$allocator@D@std@@QBEIXZ 10006ab0 f i HelperFunctions.obj
 0001:00005b00       ?size@?$vector@V?$basic_string@DU?$char_traits@D@std@@V?$allocator@D@2@@std@@V?$allocator@V?$basic_string@DU?$char_traits@D@std@@V?$allocator@D@2@@std@@@2@@std@@QBEIXZ 10006b00 f i HelperFunctions.obj
 0001:00005b50       ?_Destroy@?$vector@V?$basic_string@DU?$char_traits@D@std@@V?$allocator@D@2@@std@@V?$allocator@V?$basic_string@DU?$char_traits@D@std@@V?$allocator@D@2@@std@@@2@@std@@IAEXPAV?$basic_string@DU?$char_traits@D@std@@V?$allocator@D@2@@2@0@Z 10006b50 f i HelperFunctions.obj
 0001:00005b90       ?_Ucopy@?$vector@V?$basic_string@DU?$char_traits@D@std@@V?$allocator@D@2@@std@@V?$allocator@V?$basic_string@DU?$char_traits@D@std@@V?$allocator@D@2@@std@@@2@@std@@IAEPAV?$basic_string@DU?$char_traits@D@std@@V?$allocator@D@2@@2@PBV32@0PAV32@@Z 10006b90 f i HelperFunctions.obj
 0001:00005be0       ?_Ufill@?$vector@V?$basic_string@DU?$char_traits@D@std@@V?$allocator@D@2@@std@@V?$allocator@V?$basic_string@DU?$char_traits@D@std@@V?$allocator@D@2@@std@@@2@@std@@IAEXPAV?$basic_string@DU?$char_traits@D@std@@V?$allocator@D@2@@2@IABV32@@Z 10006be0 f i HelperFunctions.obj
 0001:00005c30       ?allocate@?$allocator@V?$basic_string@DU?$char_traits@D@std@@V?$allocator@D@2@@std@@@std@@QAEPAV?$basic_string@DU?$char_traits@D@std@@V?$allocator@D@2@@2@IPBX@Z 10006c30 f i HelperFunctions.obj
 0001:00005c60       ?deallocate@?$allocator@V?$basic_string@DU?$char_traits@D@std@@V?$allocator@D@2@@std@@@std@@QAEXPAXI@Z 10006c60 f i HelperFunctions.obj
 0001:00005c90       ?allocate@?$allocator@H@std@@QAEPAHIPBX@Z 10006c90 f i HelperFunctions.obj
 0001:00005cc0       ?_Ucopy@?$vector@HV?$allocator@H@std@@@std@@IAEPAHPBH0PAH@Z 10006cc0 f i HelperFunctions.obj
 0001:00005d10       ?_Ufill@?$vector@HV?$allocator@H@std@@@std@@IAEXPAHIABH@Z 10006d10 f i HelperFunctions.obj
 0001:00005d60       ?size@?$vector@EV?$allocator@E@std@@@std@@QBEIXZ 10006d60 f i HelperFunctions.obj
 0001:00005da0       ?_Ucopy@?$vector@EV?$allocator@E@std@@@std@@IAEPAEPBE0PAE@Z 10006da0 f i HelperFunctions.obj
 0001:00005df0       ?_Ufill@?$vector@EV?$allocator@E@std@@@std@@IAEXPAEIABE@Z 10006df0 f i HelperFunctions.obj
 0001:00005e40       ?allocate@?$allocator@E@std@@QAEPAEIPBX@Z 10006e40 f i HelperFunctions.obj
 0001:00005e70       ?construct@?$allocator@V?$basic_string@DU?$char_traits@D@std@@V?$allocator@D@2@@std@@@std@@QAEXPAV?$basic_string@DU?$char_traits@D@std@@V?$allocator@D@2@@2@ABV32@@Z 10006e70 f i HelperFunctions.obj
 0001:00005ea0       ?destroy@?$allocator@V?$basic_string@DU?$char_traits@D@std@@V?$allocator@D@2@@std@@@std@@QAEXPAV?$basic_string@DU?$char_traits@D@std@@V?$allocator@D@2@@2@@Z 10006ea0 f i HelperFunctions.obj
 0001:00005ed0       ?construct@?$allocator@H@std@@QAEXPAHABH@Z 10006ed0 f i HelperFunctions.obj
 0001:00005f00       ?construct@?$allocator@E@std@@QAEXPAEABE@Z 10006f00 f i HelperFunctions.obj
 0001:00005f30       ?transform@std@@YAPADPAD00P6AHH@Z@Z 10006f30 f i HelperFunctions.obj
 0001:00005f80       ?find@std@@YAPAEPAE0ABE@Z  10006f80 f i HelperFunctions.obj
 0001:00005fc0       ?use_facet@std@@YAABV?$num_put@DV?$ostreambuf_iterator@DU?$char_traits@D@std@@@std@@@1@ABVlocale@1@PBV21@_N@Z 10006fc0 f i HelperFunctions.obj
 0001:00006100       ??0bad_cast@std@@QAE@PBD@Z 10007100 f i HelperFunctions.obj
 0001:00006140       ??1bad_cast@std@@UAE@XZ    10007140 f i HelperFunctions.obj
 0001:00006170       ?_Doraise@bad_cast@std@@MBEXXZ 10007170 f i HelperFunctions.obj
 0001:000061c0       ??_Ebad_cast@std@@UAEPAXI@Z 100071c0 f i HelperFunctions.obj
 0001:000061c0       ??_Gbad_cast@std@@UAEPAXI@Z 100071c0 f i HelperFunctions.obj
 0001:00006200       ??0bad_cast@std@@QAE@ABV01@@Z 10007200 f i HelperFunctions.obj
 0001:00006240       ??Bid@locale@std@@QAEIXZ   10007240 f i HelperFunctions.obj
 0001:000062b0       ??8std@@YA_NABV?$allocator@D@0@0@Z 100072b0 f i HelperFunctions.obj
 0001:000062c0       ?fill@std@@YAXPAV?$basic_string@DU?$char_traits@D@std@@V?$allocator@D@2@@1@0ABV21@@Z 100072c0 f i HelperFunctions.obj
 0001:000062f0       ?copy_backward@std@@YAPAV?$basic_string@DU?$char_traits@D@std@@V?$allocator@D@2@@1@PAV21@00@Z 100072f0 f i HelperFunctions.obj
 0001:00006330       ?_Destroy@std@@YAXPAH@Z    10007330 f i HelperFunctions.obj
 0001:00006340       ?fill@std@@YAXPAH0ABH@Z    10007340 f i HelperFunctions.obj
 0001:00006370       ?copy_backward@std@@YAPAHPAH00@Z 10007370 f i HelperFunctions.obj
 0001:000063a0       ?fill@std@@YAXPAE0ABE@Z    100073a0 f i HelperFunctions.obj
 0001:000063d0       ?copy_backward@std@@YAPAEPAE00@Z 100073d0 f i HelperFunctions.obj
 0001:00006400       ?_Destroy@std@@YAXPAE@Z    10007400 f i HelperFunctions.obj
 0001:00006410       ?_Allocate@std@@YAPADHPAD@Z 10007410 f i HelperFunctions.obj
 0001:00006440       ?_Allocate@std@@YAPAV?$basic_string@DU?$char_traits@D@std@@V?$allocator@D@2@@1@HPAV21@@Z 10007440 f i HelperFunctions.obj
 0001:00006470       ?_Allocate@std@@YAPAHHPAH@Z 10007470 f i HelperFunctions.obj
 0001:000064a0       ?_Allocate@std@@YAPAEHPAE@Z 100074a0 f i HelperFunctions.obj
 0001:000064d0       ?_Construct@std@@YAXPAV?$basic_string@DU?$char_traits@D@std@@V?$allocator@D@2@@1@ABV21@@Z 100074d0 f i HelperFunctions.obj
 0001:00006560       ??2@YAPAXIPAX@Z            10007560 f i HelperFunctions.obj
 0001:00006570       ??3@YAXPAX0@Z              10007570 f i HelperFunctions.obj
 0001:00006580       ?_Destroy@std@@YAXPAV?$basic_string@DU?$char_traits@D@std@@V?$allocator@D@2@@1@@Z 10007580 f i HelperFunctions.obj
 0001:000065a0       ?_Construct@std@@YAXPAHABH@Z 100075a0 f i HelperFunctions.obj
 0001:00006600       ?_Construct@std@@YAXPAEABE@Z 10007600 f i HelperFunctions.obj
 0001:00006660       ??_G?$basic_string@DU?$char_traits@D@std@@V?$allocator@D@2@@std@@QAEPAXI@Z 10007660 f i HelperFunctions.obj
 0001:000066a0       ??0?$num_put@DV?$ostreambuf_iterator@DU?$char_traits@D@std@@@std@@@std@@QAE@I@Z 100076a0 f i HelperFunctions.obj
 0001:00006750       ??1facet@locale@std@@UAE@XZ 10007750 f i HelperFunctions.obj
 0001:00006770       ??0facet@locale@std@@IAE@I@Z 10007770 f i HelperFunctions.obj
 0001:000067a0       ??_Gfacet@locale@std@@UAEPAXI@Z 100077a0 f i HelperFunctions.obj
 0001:000067a0       ??_Efacet@locale@std@@UAEPAXI@Z 100077a0 f i HelperFunctions.obj
 0001:000067e0       ?do_put@?$num_put@DV?$ostreambuf_iterator@DU?$char_traits@D@std@@@std@@@std@@MBE?AV?$ostreambuf_iterator@DU?$char_traits@D@std@@@2@V32@AAVios_base@2@D_N@Z 100077e0 f i HelperFunctions.obj
 0001:00006a40       ?width@ios_base@std@@QBEHXZ 10007a40 f i HelperFunctions.obj
 0001:00006a60       ?width@ios_base@std@@QAEHH@Z 10007a60 f i HelperFunctions.obj
 0001:00006aa0       ?do_put@?$num_put@DV?$ostreambuf_iterator@DU?$char_traits@D@std@@@std@@@std@@MBE?AV?$ostreambuf_iterator@DU?$char_traits@D@std@@@2@V32@AAVios_base@2@DJ@Z 10007aa0 f i HelperFunctions.obj
 0001:00006b30       ?do_put@?$num_put@DV?$ostreambuf_iterator@DU?$char_traits@D@std@@@std@@@std@@MBE?AV?$ostreambuf_iterator@DU?$char_traits@D@std@@@2@V32@AAVios_base@2@DK@Z 10007b30 f i HelperFunctions.obj
 0001:00006bc0       ?do_put@?$num_put@DV?$ostreambuf_iterator@DU?$char_traits@D@std@@@std@@@std@@MBE?AV?$ostreambuf_iterator@DU?$char_traits@D@std@@@2@V32@AAVios_base@2@DN@Z 10007bc0 f i HelperFunctions.obj
 0001:00006cb0       ?precision@ios_base@std@@QBEHXZ 10007cb0 f i HelperFunctions.obj
 0001:00006cd0       ?do_put@?$num_put@DV?$ostreambuf_iterator@DU?$char_traits@D@std@@@std@@@std@@MBE?AV?$ostreambuf_iterator@DU?$char_traits@D@std@@@2@V32@AAVios_base@2@DO@Z 10007cd0 f i HelperFunctions.obj
 0001:00006dc0       ?do_put@?$num_put@DV?$ostreambuf_iterator@DU?$char_traits@D@std@@@std@@@std@@MBE?AV?$ostreambuf_iterator@DU?$char_traits@D@std@@@2@V32@AAVios_base@2@DPBX@Z 10007dc0 f i HelperFunctions.obj
 0001:00006ef0       ??_E?$num_put@DV?$ostreambuf_iterator@DU?$char_traits@D@std@@@std@@@std@@UAEPAXI@Z 10007ef0 f i HelperFunctions.obj
 0001:00006ef0       ??_G?$num_put@DV?$ostreambuf_iterator@DU?$char_traits@D@std@@@std@@@std@@UAEPAXI@Z 10007ef0 f i HelperFunctions.obj
 0001:00006f30       ??1?$num_put@DV?$ostreambuf_iterator@DU?$char_traits@D@std@@@std@@@std@@UAE@XZ 10007f30 f i HelperFunctions.obj
 0001:00006f60       ?append@?$basic_string@DU?$char_traits@D@std@@V?$allocator@D@2@@std@@QAEAAV12@ID@Z 10007f60 f i HelperFunctions.obj
 0001:00007000       ?assign@?$char_traits@D@std@@SAPADPADIABD@Z 10008000 f i HelperFunctions.obj
 0001:00007030       ?_Ffmt@?$num_put@DV?$ostreambuf_iterator@DU?$char_traits@D@std@@@std@@@std@@KAPADPADDH@Z 10008030 f i HelperFunctions.obj
 0001:00007120       ?_Fput@?$num_put@DV?$ostreambuf_iterator@DU?$char_traits@D@std@@@std@@@std@@KA?AV?$ostreambuf_iterator@DU?$char_traits@D@std@@@2@V32@AAVios_base@2@DPBDII@Z 10008120 f i HelperFunctions.obj
 0001:00007500       ?_Ifmt@?$num_put@DV?$ostreambuf_iterator@DU?$char_traits@D@std@@@std@@@std@@KAPADPADDH@Z 10008500 f i HelperFunctions.obj
 0001:000075e0       ?_Iput@?$num_put@DV?$ostreambuf_iterator@DU?$char_traits@D@std@@@std@@@std@@KA?AV?$ostreambuf_iterator@DU?$char_traits@D@std@@@2@V32@AAVios_base@2@DPADI@Z 100085e0 f i HelperFunctions.obj
 0001:000079f0       ?_Put@?$num_put@DV?$ostreambuf_iterator@DU?$char_traits@D@std@@@std@@@std@@KA?AV?$ostreambuf_iterator@DU?$char_traits@D@std@@@2@V32@PBDI@Z 100089f0 f i HelperFunctions.obj
 0001:00007a50       ?_Putc@?$num_put@DV?$ostreambuf_iterator@DU?$char_traits@D@std@@@std@@@std@@KA?AV?$ostreambuf_iterator@DU?$char_traits@D@std@@@2@V32@PBDI@Z 10008a50 f i HelperFunctions.obj
 0001:00007ac0       ?_Rep@?$num_put@DV?$ostreambuf_iterator@DU?$char_traits@D@std@@@std@@@std@@KA?AV?$ostreambuf_iterator@DU?$char_traits@D@std@@@2@V32@DI@Z 10008ac0 f i HelperFunctions.obj
 0001:00007b10       ?falsename@?$numpunct@D@std@@QBE?AV?$basic_string@DU?$char_traits@D@std@@V?$allocator@D@2@@2@XZ 10008b10 f i HelperFunctions.obj
 0001:00007b70       ?truename@?$numpunct@D@std@@QBE?AV?$basic_string@DU?$char_traits@D@std@@V?$allocator@D@2@@2@XZ 10008b70 f i HelperFunctions.obj
 0001:00007bd0       ??4?$ostreambuf_iterator@DU?$char_traits@D@std@@@std@@QAEAAV01@D@Z 10008bd0 f i HelperFunctions.obj
 0001:00007c50       ??D?$ostreambuf_iterator@DU?$char_traits@D@std@@@std@@QAEAAV01@XZ 10008c50 f i HelperFunctions.obj
 0001:00007c70       ??E?$ostreambuf_iterator@DU?$char_traits@D@std@@@std@@QAEAAV01@XZ 10008c70 f i HelperFunctions.obj
 0001:00007c90       ?decimal_point@?$numpunct@D@std@@QBEDXZ 10008c90 f i HelperFunctions.obj
 0001:00007cd0       ?thousands_sep@?$numpunct@D@std@@QBEDXZ 10008cd0 f i HelperFunctions.obj
 0001:00007d10       ?grouping@?$numpunct@D@std@@QBE?AV?$basic_string@DU?$char_traits@D@std@@V?$allocator@D@2@@2@XZ 10008d10 f i HelperFunctions.obj
 0001:00007d70       ?use_facet@std@@YAABV?$numpunct@D@1@ABVlocale@1@PBV21@_N@Z 10008d70 f i HelperFunctions.obj
 0001:00007eb0       ?_Widen@std@@YADDPAD@Z     10008eb0 f i HelperFunctions.obj
 0001:00007ec0       ??0?$numpunct@D@std@@QAE@I@Z 10008ec0 f i HelperFunctions.obj
 0001:00007f70       ?do_decimal_point@?$numpunct@D@std@@MBEDXZ 10008f70 f i HelperFunctions.obj
 0001:00007f90       ?do_thousands_sep@?$numpunct@D@std@@MBEDXZ 10008f90 f i HelperFunctions.obj
 0001:00007fb0       ?do_grouping@?$numpunct@D@std@@MBE?AV?$basic_string@DU?$char_traits@D@std@@V?$allocator@D@2@@2@XZ 10008fb0 f i HelperFunctions.obj
 0001:00008010       ?do_falsename@?$numpunct@D@std@@MBE?AV?$basic_string@DU?$char_traits@D@std@@V?$allocator@D@2@@2@XZ 10009010 f i HelperFunctions.obj
 0001:00008070       ?do_truename@?$numpunct@D@std@@MBE?AV?$basic_string@DU?$char_traits@D@std@@V?$allocator@D@2@@2@XZ 10009070 f i HelperFunctions.obj
 0001:000080d0       ??_G?$numpunct@D@std@@UAEPAXI@Z 100090d0 f i HelperFunctions.obj
 0001:000080d0       ??_E?$numpunct@D@std@@UAEPAXI@Z 100090d0 f i HelperFunctions.obj
 0001:00008110       ??1?$numpunct@D@std@@UAE@XZ 10009110 f i HelperFunctions.obj
 0001:00008190       ?_Save@?$_Tidyfac@V?$num_put@DV?$ostreambuf_iterator@DU?$char_traits@D@std@@@std@@@std@@@std@@SAPAV?$num_put@DV?$ostreambuf_iterator@DU?$char_traits@D@std@@@std@@@2@PAV32@@Z 10009190 f i HelperFunctions.obj
 0001:00008220       ?_Save@?$_Tidyfac@V?$numpunct@D@std@@@std@@SAPAV?$numpunct@D@2@PAV32@@Z 10009220 f i HelperFunctions.obj
 0001:000082b0       ?_Init@?$num_put@DV?$ostreambuf_iterator@DU?$char_traits@D@std@@@std@@@std@@IAEXABV_Locinfo@2@@Z 100092b0 f i HelperFunctions.obj
 0001:000082d0       ?_Init@?$numpunct@D@std@@IAEXABV_Locinfo@2@@Z 100092d0 f i HelperFunctions.obj
 0001:00008380       ?_Getlconv@_Locinfo@std@@QBEPBUlconv@@XZ 10009380 f i HelperFunctions.obj
 0001:000083b0       ?_Getfalse@_Locinfo@std@@QBEPBDXZ 100093b0 f i HelperFunctions.obj
 0001:000083d0       ?_Gettrue@_Locinfo@std@@QBEPBDXZ 100093d0 f i HelperFunctions.obj
 0001:000083f0       ?_Tidy@?$_Tidyfac@V?$num_put@DV?$ostreambuf_iterator@DU?$char_traits@D@std@@@std@@@std@@@std@@SAXXZ 100093f0 f i HelperFunctions.obj
 0001:000084a0       ?_Tidy@?$_Tidyfac@V?$numpunct@D@std@@@std@@SAXXZ 100094a0 f i HelperFunctions.obj
 0001:00008550       ?_Maklocstr@std@@YAPADPBDPAD@Z 10009550 f i HelperFunctions.obj
 0001:000085e0       ?id@?$num_put@DV?$ostreambuf_iterator@DU?$char_traits@D@std@@@$D 100095e0 f i HelperFunctions.obj
 0001:00008610       ?id@?$numpunct@D@std@@$D   10009610 f i HelperFunctions.obj
 0001:00008640       ?id@?$numpunct@D@std@@$E   10009640 f i HelperFunctions.obj
 0001:00008650       ?id@?$num_put@DV?$ostreambuf_iterator@DU?$char_traits@D@std@@@$E 10009650 f i HelperFunctions.obj
 0001:00008716       _DllMain@12                10009716 f   ODbgScript.obj
 0001:00008732       __ODBG_Plugindata          10009732 f   ODbgScript.obj
 0001:00008754       __ODBG_Plugininit          10009754 f   ODbgScript.obj
 0001:000088e9       __ODBG_Pluginmainloop      100098e9 f   ODbgScript.obj
 0001:00008b77       __ODBG_Pluginmenu          10009b77 f   ODbgScript.obj
 0001:00008cc7       _ExecuteScript             10009cc7 f   ODbgScript.obj
 0001:00008cf1       __ODBG_Pausedex            10009cf1 f   ODbgScript.obj
 0001:00008dae       __ODBG_Pluginaction        10009dae f   ODbgScript.obj
 0001:000090ec       __ODBG_Pluginshortcut      1000a0ec f   ODbgScript.obj
 0001:00009178       __ODBG_Pluginreset         1000a178 f   ODbgScript.obj
 0001:000091b7       __ODBG_Pluginclose         1000a1b7 f   ODbgScript.obj
 0001:00009249       __ODBG_Plugindestroy       1000a249 f   ODbgScript.obj
 0001:000092b6       ?wndprog_winproc@@YGJPAUHWND__@@IIJ@Z 1000a2b6 f   ODbgScript.obj
 0001:0000a029       ?initProgTable@@YAXXZ      1000b029 f   ODbgScript.obj
 0001:0000a205       ?wndprog_sort_function@@YAHPBUt_sortheader@@0H@Z 1000b205 f   ODbgScript.obj
 0001:0000a24f       ?wndprog_get_text@@YAHPAD0PAHPAUt_sortheader@@H@Z 1000b24f f   ODbgScript.obj
 0001:0000a877       ?addProgLine@@YAHHAAV?$basic_string@DU?$char_traits@D@std@@V?$allocator@D@2@@std@@@Z 1000b877 f   ODbgScript.obj
 0001:0000a9a5       ?setProgLineEIP@@YAHHH@Z   1000b9a5 f   ODbgScript.obj
 0001:0000aa78       ?setProgLineValue@@YAHHK@Z 1000ba78 f   ODbgScript.obj
 0001:0000ab0d       ?setProgLineValue@@YAHHAAV?$basic_string@DU?$char_traits@D@std@@V?$allocator@D@2@@std@@@Z 1000bb0d f   ODbgScript.obj
 0001:0000acbe       ?setProgLineValueFloat@@YAHHO@Z 1000bcbe f   ODbgScript.obj
 0001:0000adc0       ?setProgLineResult@@YAHHAAV?$basic_string@DU?$char_traits@D@std@@V?$allocator@D@2@@std@@@Z 1000bdc0 f   ODbgScript.obj
 0001:0000af1e       ?setProgLineResult@@YAHHK@Z 1000bf1e f   ODbgScript.obj
 0001:0000afb3       ?setProgLineResultFloat@@YAHHO@Z 1000bfb3 f   ODbgScript.obj
 0001:0000b0b5       ?clearProgLines@@YAXXZ     1000c0b5 f   ODbgScript.obj
 0001:0000b139       ?resetProgLines@@YAXXZ     1000c139 f   ODbgScript.obj
 0001:0000b232       ?isProgLineBP@@YAHH@Z      1000c232 f   ODbgScript.obj
 0001:0000b293       ?wndlog_winproc@@YGJPAUHWND__@@IIJ@Z 1000c293 f   ODbgScript.obj
 0001:0000b668       ?initLogWindow@@YAXXZ      1000c668 f   ODbgScript.obj
 0001:0000b7a2       ?wndlog_sort_function@@YAHPBUt_sortheader@@0H@Z 1000c7a2 f   ODbgScript.obj
 0001:0000b7ec       ?wndlog_get_text@@YAHPAD0PAHPAUt_sortheader@@H@Z 1000c7ec f   ODbgScript.obj
 0001:0000b89f       ?clearLogLines@@YAXXZ      1000c89f f   ODbgScript.obj
 0001:0000b91e       ?add2log@@YAHPAD@Z         1000c91e f   ODbgScript.obj
 0001:0000ba57       ?add2log@@YAHAAV?$basic_string@DU?$char_traits@D@std@@V?$allocator@D@2@@std@@@Z 1000ca57 f   ODbgScript.obj
 0001:0000ba74       ?InputDialogProc@@YGJPAUHWND__@@IIJ@Z 1000ca74 f   ODbgScript.obj
 0001:0000bc30       ??_GOllyLang@@QAEPAXI@Z    1000cc30 f i ODbgScript.obj
 0001:0000bc70       ??Y?$basic_string@DU?$char_traits@D@std@@V?$allocator@D@2@@std@@QAEAAV01@PBD@Z 1000cc70 f i ODbgScript.obj
 0001:0000bca0       ?compare@?$basic_string@DU?$char_traits@D@std@@V?$allocator@D@2@@std@@QBEHPBD@Z 1000cca0 f i ODbgScript.obj
 0001:0000bce0       ?begin@?$vector@Ut_wndprog_data@@V?$allocator@Ut_wndprog_data@@@std@@@std@@QAEPAUt_wndprog_data@@XZ 1000cce0 f i ODbgScript.obj
 0001:0000bd00       ?end@?$vector@Ut_wndprog_data@@V?$allocator@Ut_wndprog_data@@@std@@@std@@QAEPAUt_wndprog_data@@XZ 1000cd00 f i ODbgScript.obj
 0001:0000bd20       ?empty@?$vector@Ut_wndprog_data@@V?$allocator@Ut_wndprog_data@@@std@@@std@@QBE_NXZ 1000cd20 f i ODbgScript.obj
 0001:0000bd50       ?back@?$vector@Ut_wndprog_data@@V?$allocator@Ut_wndprog_data@@@std@@@std@@QAEAAUt_wndprog_data@@XZ 1000cd50 f i ODbgScript.obj
 0001:0000bd80       ?push_back@?$vector@Ut_wndprog_data@@V?$allocator@Ut_wndprog_data@@@std@@@std@@QAEXABUt_wndprog_data@@@Z 1000cd80 f i ODbgScript.obj
 0001:0000bdc0       ?clear@?$vector@Ut_wndprog_data@@V?$allocator@Ut_wndprog_data@@@std@@@std@@QAEXXZ 1000cdc0 f i ODbgScript.obj
 0001:0000be00       ?size@?$vector@Ut_wndlog_data@@V?$allocator@Ut_wndlog_data@@@std@@@std@@QBEIXZ 1000ce00 f i ODbgScript.obj
 0001:0000be50       ?empty@?$vector@Ut_wndlog_data@@V?$allocator@Ut_wndlog_data@@@std@@@std@@QBE_NXZ 1000ce50 f i ODbgScript.obj
 0001:0000be80       ?back@?$vector@Ut_wndlog_data@@V?$allocator@Ut_wndlog_data@@@std@@@std@@QAEAAUt_wndlog_data@@XZ 1000ce80 f i ODbgScript.obj
 0001:0000beb0       ?push_back@?$vector@Ut_wndlog_data@@V?$allocator@Ut_wndlog_data@@@std@@@std@@QAEXABUt_wndlog_data@@@Z 1000ceb0 f i ODbgScript.obj
 0001:0000bef0       ?clear@?$vector@Ut_wndlog_data@@V?$allocator@Ut_wndlog_data@@@std@@@std@@QAEXXZ 1000cef0 f i ODbgScript.obj
 0001:0000bf30       ?size@?$map@V?$basic_string@DU?$char_traits@D@std@@V?$allocator@D@2@@std@@Vvar@@U?$less@V?$basic_string@DU?$char_traits@D@std@@V?$allocator@D@2@@std@@@2@V?$allocator@Vvar@@@2@@std@@QBEIXZ 1000cf30 f i ODbgScript.obj
 0001:0000bf60       ?compare@?$basic_string@DU?$char_traits@D@std@@V?$allocator@D@2@@std@@QBEHIIPBDI@Z 1000cf60 f i ODbgScript.obj
 0001:0000c030       ?size@?$vector@Ut_wndprog_data@@V?$allocator@Ut_wndprog_data@@@std@@@std@@QBEIXZ 1000d030 f i ODbgScript.obj
 0001:0000c080       ?insert@?$vector@Ut_wndprog_data@@V?$allocator@Ut_wndprog_data@@@std@@@std@@QAEPAUt_wndprog_data@@PAU3@ABU3@@Z 1000d080 f i ODbgScript.obj
 0001:0000c0f0       ?erase@?$vector@Ut_wndprog_data@@V?$allocator@Ut_wndprog_data@@@std@@@std@@QAEPAUt_wndprog_data@@PAU3@0@Z 1000d0f0 f i ODbgScript.obj
 0001:0000c160       ?begin@?$vector@Ut_wndlog_data@@V?$allocator@Ut_wndlog_data@@@std@@@std@@QAEPAUt_wndlog_data@@XZ 1000d160 f i ODbgScript.obj
 0001:0000c180       ?end@?$vector@Ut_wndlog_data@@V?$allocator@Ut_wndlog_data@@@std@@@std@@QAEPAUt_wndlog_data@@XZ 1000d180 f i ODbgScript.obj
 0001:0000c1a0       ?insert@?$vector@Ut_wndlog_data@@V?$allocator@Ut_wndlog_data@@@std@@@std@@QAEPAUt_wndlog_data@@PAU3@ABU3@@Z 1000d1a0 f i ODbgScript.obj
 0001:0000c210       ?erase@?$vector@Ut_wndlog_data@@V?$allocator@Ut_wndlog_data@@@std@@@std@@QAEPAUt_wndlog_data@@PAU3@0@Z 1000d210 f i ODbgScript.obj
 0001:0000c280       ?size@?$_Tree@V?$basic_string@DU?$char_traits@D@std@@V?$allocator@D@2@@std@@U?$pair@$$CBV?$basic_string@DU?$char_traits@D@std@@V?$allocator@D@2@@std@@Vvar@@@2@U_Kfn@?$map@V?$basic_string@DU?$char_traits@D@std@@V?$allocator@D@2@@std@@Vvar@@U?$less@V?$basic_string@DU?$char_traits@D@std@@V?$allocator@D@2@@std@@@2@V?$allocator@Vvar@@@2@@2@U?$less@V?$basic_string@DU?$char_traits@D@std@@V?$allocator@D@2@@std@@@2@V?$allocator@Vvar@@@2@@std@@QBEIXZ 1000d280 f i ODbgScript.obj
 0001:0000c2a0       ?insert@?$vector@Ut_wndprog_data@@V?$allocator@Ut_wndprog_data@@@std@@@std@@QAEXPAUt_wndprog_data@@IABU3@@Z 1000d2a0 f i ODbgScript.obj
 0001:0000c520       ?_Destroy@?$vector@Ut_wndprog_data@@V?$allocator@Ut_wndprog_data@@@std@@@std@@IAEXPAUt_wndprog_data@@0@Z 1000d520 f i ODbgScript.obj
 0001:0000c570       ?insert@?$vector@Ut_wndlog_data@@V?$allocator@Ut_wndlog_data@@@std@@@std@@QAEXPAUt_wndlog_data@@IABU3@@Z 1000d570 f i ODbgScript.obj
 0001:0000c7f0       ?_Destroy@?$vector@Ut_wndlog_data@@V?$allocator@Ut_wndlog_data@@@std@@@std@@IAEXPAUt_wndlog_data@@0@Z 1000d7f0 f i ODbgScript.obj
 0001:0000c840       ?_Ucopy@?$vector@Ut_wndprog_data@@V?$allocator@Ut_wndprog_data@@@std@@@std@@IAEPAUt_wndprog_data@@PBU3@0PAU3@@Z 1000d840 f i ODbgScript.obj
 0001:0000c8a0       ?_Ufill@?$vector@Ut_wndprog_data@@V?$allocator@Ut_wndprog_data@@@std@@@std@@IAEXPAUt_wndprog_data@@IABU3@@Z 1000d8a0 f i ODbgScript.obj
 0001:0000c8f0       ?allocate@?$allocator@Ut_wndprog_data@@@std@@QAEPAUt_wndprog_data@@IPBX@Z 1000d8f0 f i ODbgScript.obj
 0001:0000c920       ?deallocate@?$allocator@Ut_wndprog_data@@@std@@QAEXPAXI@Z 1000d920 f i ODbgScript.obj
 0001:0000c950       ?destroy@?$allocator@Ut_wndprog_data@@@std@@QAEXPAUt_wndprog_data@@@Z 1000d950 f i ODbgScript.obj
 0001:0000c980       ?_Ucopy@?$vector@Ut_wndlog_data@@V?$allocator@Ut_wndlog_data@@@std@@@std@@IAEPAUt_wndlog_data@@PBU3@0PAU3@@Z 1000d980 f i ODbgScript.obj
 0001:0000c9e0       ?_Ufill@?$vector@Ut_wndlog_data@@V?$allocator@Ut_wndlog_data@@@std@@@std@@IAEXPAUt_wndlog_data@@IABU3@@Z 1000d9e0 f i ODbgScript.obj
 0001:0000ca30       ?allocate@?$allocator@Ut_wndlog_data@@@std@@QAEPAUt_wndlog_data@@IPBX@Z 1000da30 f i ODbgScript.obj
 0001:0000ca60       ?deallocate@?$allocator@Ut_wndlog_data@@@std@@QAEXPAXI@Z 1000da60 f i ODbgScript.obj
 0001:0000ca90       ?destroy@?$allocator@Ut_wndlog_data@@@std@@QAEXPAUt_wndlog_data@@@Z 1000da90 f i ODbgScript.obj
 0001:0000cac0       ?construct@?$allocator@Ut_wndprog_data@@@std@@QAEXPAUt_wndprog_data@@ABU3@@Z 1000dac0 f i ODbgScript.obj
 0001:0000caf0       ?construct@?$allocator@Ut_wndlog_data@@@std@@QAEXPAUt_wndlog_data@@ABU3@@Z 1000daf0 f i ODbgScript.obj
 0001:0000cb20       ?copy@std@@YAPAUt_wndprog_data@@PAU2@00@Z 1000db20 f i ODbgScript.obj
 0001:0000cb60       ?copy@std@@YAPAUt_wndlog_data@@PAU2@00@Z 1000db60 f i ODbgScript.obj
 0001:0000cba0       ?fill@std@@YAXPAUt_wndprog_data@@0ABU2@@Z 1000dba0 f i ODbgScript.obj
 0001:0000cbd0       ?copy_backward@std@@YAPAUt_wndprog_data@@PAU2@00@Z 1000dbd0 f i ODbgScript.obj
 0001:0000cc10       ?fill@std@@YAXPAUt_wndlog_data@@0ABU2@@Z 1000dc10 f i ODbgScript.obj
 0001:0000cc40       ?copy_backward@std@@YAPAUt_wndlog_data@@PAU2@00@Z 1000dc40 f i ODbgScript.obj
 0001:0000cc80       ?_Allocate@std@@YAPAUt_wndprog_data@@HPAU2@@Z 1000dc80 f i ODbgScript.obj
 0001:0000ccb0       ?_Destroy@std@@YAXPAUt_wndprog_data@@@Z 1000dcb0 f i ODbgScript.obj
 0001:0000ccc0       ?_Allocate@std@@YAPAUt_wndlog_data@@HPAU2@@Z 1000dcc0 f i ODbgScript.obj
 0001:0000ccf0       ?_Destroy@std@@YAXPAUt_wndlog_data@@@Z 1000dcf0 f i ODbgScript.obj
 0001:0000cd00       ?_Construct@std@@YAXPAUt_wndprog_data@@ABU2@@Z 1000dd00 f i ODbgScript.obj
 0001:0000cd60       ?_Construct@std@@YAXPAUt_wndlog_data@@ABU2@@Z 1000dd60 f i ODbgScript.obj
 0001:0000ce76       ??0OllyLang@@QAE@XZ        1000de76 f   OllyLang.obj
 0001:0000fae7       ??1OllyLang@@QAE@XZ        10010ae7 f   OllyLang.obj
 0001:0000fc20       ?GetScriptFromFile@OllyLang@@AAE?AV?$vector@V?$basic_string@DU?$char_traits@D@std@@V?$allocator@D@2@@std@@V?$allocator@V?$basic_string@DU?$char_traits@D@std@@V?$allocator@D@2@@std@@@2@@std@@PAD@Z 10010c20 f   OllyLang.obj
 0001:0000fe0b       ?InsertScript@OllyLang@@AAEHV?$vector@V?$basic_string@DU?$char_traits@D@std@@V?$allocator@D@2@@std@@V?$allocator@V?$basic_string@DU?$char_traits@D@std@@V?$allocator@D@2@@std@@@2@@std@@H@Z 10010e0b f   OllyLang.obj
 0001:000104b6       ?GetState@OllyLang@@QAEHXZ 100114b6 f   OllyLang.obj
 0001:000104d1       ?LoadScript@OllyLang@@QAE_NPAD@Z 100114d1 f   OllyLang.obj
 0001:0001060c       ?Pause@OllyLang@@QAE_NXZ   1001160c f   OllyLang.obj
 0001:0001062d       ?Reset@OllyLang@@QAE_NXZ   1001162d f   OllyLang.obj
 0001:00010783       ?Resume@OllyLang@@QAE_NXZ  10011783 f   OllyLang.obj
 0001:000107a4       ?Step@OllyLang@@QAE_NH@Z   100117a4 f   OllyLang.obj
 0001:000113b9       ?OnBreakpoint@OllyLang@@QAE_NXZ 100123b9 f   OllyLang.obj
 0001:000113ef       ?OnException@OllyLang@@QAE_NK@Z 100123ef f   OllyLang.obj
 0001:00011427       ?getStringOperatorPos@OllyLang@@AAEHAAV?$basic_string@DU?$char_traits@D@std@@V?$allocator@D@2@@std@@@Z 10012427 f   OllyLang.obj
 0001:0001165e       ?getDWOperatorPos@OllyLang@@AAEHAAV?$basic_string@DU?$char_traits@D@std@@V?$allocator@D@2@@std@@@Z 1001265e f   OllyLang.obj
 0001:000117e2       ?getFLTOperatorPos@OllyLang@@AAEHAAV?$basic_string@DU?$char_traits@D@std@@V?$allocator@D@2@@std@@@Z 100127e2 f   OllyLang.obj
 0001:00011966       ?CreateOperands@OllyLang@@AAE_NAAV?$basic_string@DU?$char_traits@D@std@@V?$allocator@D@2@@std@@QAV23@I_N@Z 10012966 f   OllyLang.obj
 0001:00012965       ?CreateOp@OllyLang@@AAE_NAAV?$basic_string@DU?$char_traits@D@std@@V?$allocator@D@2@@std@@QAV23@I_N@Z 10013965 f   OllyLang.obj
 0001:00012ba8       ?ParseLabels@OllyLang@@AAE_NXZ 10013ba8 f   OllyLang.obj
 0001:00012d1e       ?GetANYOpValue@OllyLang@@AAE_NV?$basic_string@DU?$char_traits@D@std@@V?$allocator@D@2@@std@@AAV23@_N@Z 10013d1e f   OllyLang.obj
 0001:000134a8       ?GetSTROpValue@OllyLang@@AAE_NV?$basic_string@DU?$char_traits@D@std@@V?$allocator@D@2@@std@@AAV23@H@Z 100144a8 f   OllyLang.obj
 0001:00013a2d       ?GetRegNr@OllyLang@@AAEHAAV?$basic_string@DU?$char_traits@D@std@@V?$allocator@D@2@@std@@@Z 10014a2d f   OllyLang.obj
 0001:00013caa       ?GetBYTEOpValue@OllyLang@@AAE_NV?$basic_string@DU?$char_traits@D@std@@V?$allocator@D@2@@std@@AAE@Z 10014caa f   OllyLang.obj
 0001:00013eef       ?GetAddrOpValue@OllyLang@@AAE_NV?$basic_string@DU?$char_traits@D@std@@V?$allocator@D@2@@std@@AAK@Z 10014eef f   OllyLang.obj
 0001:0001401a       ?GetDWOpValue@OllyLang@@AAE_NV?$basic_string@DU?$char_traits@D@std@@V?$allocator@D@2@@std@@AAK@Z 1001501a f   OllyLang.obj
 0001:000146e1       ?GetFLTOpValue@OllyLang@@AAE_NV?$basic_string@DU?$char_traits@D@std@@V?$allocator@D@2@@std@@AAO@Z 100156e1 f   OllyLang.obj
 0001:00014a63       ?is_register@OllyLang@@AAE_NV?$basic_string@DU?$char_traits@D@std@@V?$allocator@D@2@@std@@@Z 10015a63 f   OllyLang.obj
 0001:00014bd9       ?is_floatreg@OllyLang@@AAE_NV?$basic_string@DU?$char_traits@D@std@@V?$allocator@D@2@@std@@@Z 10015bd9 f   OllyLang.obj
 0001:00014d0e       ?is_flag@OllyLang@@AAE_NV?$basic_string@DU?$char_traits@D@std@@V?$allocator@D@2@@std@@@Z 10015d0e f   OllyLang.obj
 0001:00014dff       ?is_variable@OllyLang@@AAE_NAAV?$basic_string@DU?$char_traits@D@std@@V?$allocator@D@2@@std@@@Z 10015dff f   OllyLang.obj
 0001:00014e6c       ?ResolveVarsForExec@OllyLang@@AAE?AV?$basic_string@DU?$char_traits@D@std@@V?$allocator@D@2@@std@@V23@@Z 10015e6c f   OllyLang.obj
 0001:00015033       ?menuListVariables@OllyLang@@QAEXPAUHMENU__@@H@Z 10016033 f   OllyLang.obj
 0001:000152d1       ?editVariable@OllyLang@@QAE_NH@Z 100162d1 f   OllyLang.obj
 0001:000155c0       ?execCommand@OllyLang@@QAEXXZ 100165c0 f   OllyLang.obj
 0001:00015ab7       ?jumpToLine@OllyLang@@QAE_NH@Z 10016ab7 f   OllyLang.obj
 0001:00015ae8       ?DumpLabels@OllyLang@@AAEXXZ 10016ae8 f   OllyLang.obj
 0001:00015c59       ?DumpVars@OllyLang@@AAEXXZ 10016c59 f   OllyLang.obj
 0001:00015dd9       ?DumpScript@OllyLang@@AAEXXZ 10016dd9 f   OllyLang.obj
 0001:00015e85       ?DoADD@OllyLang@@AAE_NV?$basic_string@DU?$char_traits@D@std@@V?$allocator@D@2@@std@@@Z 10016e85 f   OllyLang.obj
 0001:00016477       ?DoAI@OllyLang@@AAE_NV?$basic_string@DU?$char_traits@D@std@@V?$allocator@D@2@@std@@@Z 10017477 f   OllyLang.obj
 0001:000164ce       ?DoALLOC@OllyLang@@AAE_NV?$basic_string@DU?$char_traits@D@std@@V?$allocator@D@2@@std@@@Z 100174ce f   OllyLang.obj
 0001:00016686       ?DoAN@OllyLang@@AAE_NV?$basic_string@DU?$char_traits@D@std@@V?$allocator@D@2@@std@@@Z 10017686 f   OllyLang.obj
 0001:000167e9       ?DoAND@OllyLang@@AAE_NV?$basic_string@DU?$char_traits@D@std@@V?$allocator@D@2@@std@@@Z 100177e9 f   OllyLang.obj
 0001:00016a29       ?DoAO@OllyLang@@AAE_NV?$basic_string@DU?$char_traits@D@std@@V?$allocator@D@2@@std@@@Z 10017a29 f   OllyLang.obj
 0001:00016a80       ?DoASK@OllyLang@@AAE_NV?$basic_string@DU?$char_traits@D@std@@V?$allocator@D@2@@std@@@Z 10017a80 f   OllyLang.obj
 0001:00016eaa       ?DoASM@OllyLang@@AAE_NV?$basic_string@DU?$char_traits@D@std@@V?$allocator@D@2@@std@@@Z 10017eaa f   OllyLang.obj
 0001:000171f7       ?DoASMTXT@OllyLang@@AAE_NV?$basic_string@DU?$char_traits@D@std@@V?$allocator@D@2@@std@@@Z 100181f7 f   OllyLang.obj
 0001:000176f0       ?DoATOI@OllyLang@@AAE_NV?$basic_string@DU?$char_traits@D@std@@V?$allocator@D@2@@std@@@Z 100186f0 f   OllyLang.obj
 0001:00017926       ?DoBC@OllyLang@@AAE_NV?$basic_string@DU?$char_traits@D@std@@V?$allocator@D@2@@std@@@Z 10018926 f   OllyLang.obj
 0001:00017a9a       ?DoBP@OllyLang@@AAE_NV?$basic_string@DU?$char_traits@D@std@@V?$allocator@D@2@@std@@@Z 10018a9a f   OllyLang.obj
 0001:00017c0c       ?DoBPCND@OllyLang@@AAE_NV?$basic_string@DU?$char_traits@D@std@@V?$allocator@D@2@@std@@@Z 10018c0c f   OllyLang.obj
 0001:00017e5e       ?DoBPD@OllyLang@@AAE_NV?$basic_string@DU?$char_traits@D@std@@V?$allocator@D@2@@std@@@Z 10018e5e f   OllyLang.obj
 0001:00017f94       ?DoBPHWCALL@OllyLang@@AAE_NV?$basic_string@DU?$char_traits@D@std@@V?$allocator@D@2@@std@@@Z 10018f94 f   OllyLang.obj
 0001:00018045       ?DoBPHWC@OllyLang@@AAE_NV?$basic_string@DU?$char_traits@D@std@@V?$allocator@D@2@@std@@@Z 10019045 f   OllyLang.obj
 0001:0001819f       ?DoBPHWS@OllyLang@@AAE_NV?$basic_string@DU?$char_traits@D@std@@V?$allocator@D@2@@std@@@Z 1001919f f   OllyLang.obj
 0001:0001840b       ?DoBPL@OllyLang@@AAE_NV?$basic_string@DU?$char_traits@D@std@@V?$allocator@D@2@@std@@@Z 1001940b f   OllyLang.obj
 0001:00018637       ?DoBPLCND@OllyLang@@AAE_NV?$basic_string@DU?$char_traits@D@std@@V?$allocator@D@2@@std@@@Z 10019637 f   OllyLang.obj
 0001:0001890a       ?DoBPMC@OllyLang@@AAE_NV?$basic_string@DU?$char_traits@D@std@@V?$allocator@D@2@@std@@@Z 1001990a f   OllyLang.obj
 0001:0001894e       ?DoBPRM@OllyLang@@AAE_NV?$basic_string@DU?$char_traits@D@std@@V?$allocator@D@2@@std@@@Z 1001994e f   OllyLang.obj
 0001:00018ad3       ?DoBPWM@OllyLang@@AAE_NV?$basic_string@DU?$char_traits@D@std@@V?$allocator@D@2@@std@@@Z 10019ad3 f   OllyLang.obj
 0001:00018c58       ?DoBPX@OllyLang@@AAE_NV?$basic_string@DU?$char_traits@D@std@@V?$allocator@D@2@@std@@@Z 10019c58 f   OllyLang.obj
 0001:000191b6       ?DoCMP@OllyLang@@AAE_NV?$basic_string@DU?$char_traits@D@std@@V?$allocator@D@2@@std@@@Z 1001a1b6 f   OllyLang.obj
 0001:00019550       ?DoCMT@OllyLang@@AAE_NV?$basic_string@DU?$char_traits@D@std@@V?$allocator@D@2@@std@@@Z 1001a550 f   OllyLang.obj
 0001:000197d2       ?DoCOB@OllyLang@@AAE_NV?$basic_string@DU?$char_traits@D@std@@V?$allocator@D@2@@std@@@Z 1001a7d2 f   OllyLang.obj
 0001:00019815       ?DoCOE@OllyLang@@AAE_NV?$basic_string@DU?$char_traits@D@std@@V?$allocator@D@2@@std@@@Z 1001a815 f   OllyLang.obj
 0001:00019858       ?DoDBH@OllyLang@@AAE_NV?$basic_string@DU?$char_traits@D@std@@V?$allocator@D@2@@std@@@Z 1001a858 f   OllyLang.obj
 0001:000198f8       ?DoDBS@OllyLang@@AAE_NV?$basic_string@DU?$char_traits@D@std@@V?$allocator@D@2@@std@@@Z 1001a8f8 f   OllyLang.obj
 0001:00019995       ?DoDEC@OllyLang@@AAE_NV?$basic_string@DU?$char_traits@D@std@@V?$allocator@D@2@@std@@@Z 1001a995 f   OllyLang.obj
 0001:00019aa3       ?DoDIV@OllyLang@@AAE_NV?$basic_string@DU?$char_traits@D@std@@V?$allocator@D@2@@std@@@Z 1001aaa3 f   OllyLang.obj
 0001:00019d35       ?DoDM@OllyLang@@AAE_NV?$basic_string@DU?$char_traits@D@std@@V?$allocator@D@2@@std@@@Z 1001ad35 f   OllyLang.obj
 0001:0001a26f       ?DoDMA@OllyLang@@AAE_NV?$basic_string@DU?$char_traits@D@std@@V?$allocator@D@2@@std@@@Z 1001b26f f   OllyLang.obj
 0001:0001a7a9       ?DoDPE@OllyLang@@AAE_NV?$basic_string@DU?$char_traits@D@std@@V?$allocator@D@2@@std@@@Z 1001b7a9 f   OllyLang.obj
 0001:0001ab78       ?DoENDE@OllyLang@@AAE_NV?$basic_string@DU?$char_traits@D@std@@V?$allocator@D@2@@std@@@Z 1001bb78 f   OllyLang.obj
 0001:0001abe7       ?DoESTI@OllyLang@@AAE_NV?$basic_string@DU?$char_traits@D@std@@V?$allocator@D@2@@std@@@Z 1001bbe7 f   OllyLang.obj
 0001:0001ac3e       ?DoESTO@OllyLang@@AAE_NV?$basic_string@DU?$char_traits@D@std@@V?$allocator@D@2@@std@@@Z 1001bc3e f   OllyLang.obj
 0001:0001ac95       ?DoEOB@OllyLang@@AAE_NV?$basic_string@DU?$char_traits@D@std@@V?$allocator@D@2@@std@@@Z 1001bc95 f   OllyLang.obj
 0001:0001ae2e       ?DoEOE@OllyLang@@AAE_NV?$basic_string@DU?$char_traits@D@std@@V?$allocator@D@2@@std@@@Z 1001be2e f   OllyLang.obj
 0001:0001afc7       ?DoEVAL@OllyLang@@AAE_NV?$basic_string@DU?$char_traits@D@std@@V?$allocator@D@2@@std@@@Z 1001bfc7 f   OllyLang.obj
 0001:0001b1ab       ?DoEXEC@OllyLang@@AAE_NV?$basic_string@DU?$char_traits@D@std@@V?$allocator@D@2@@std@@@Z 1001c1ab f   OllyLang.obj
 0001:0001b57c       ?DoFILL@OllyLang@@AAE_NV?$basic_string@DU?$char_traits@D@std@@V?$allocator@D@2@@std@@@Z 1001c57c f   OllyLang.obj
 0001:0001b7ca       ?DoFIND@OllyLang@@AAE_NV?$basic_string@DU?$char_traits@D@std@@V?$allocator@D@2@@std@@@Z 1001c7ca f   OllyLang.obj
 0001:0001c23c       ?DoFINDCMD@OllyLang@@AAE_NV?$basic_string@DU?$char_traits@D@std@@V?$allocator@D@2@@std@@@Z 1001d23c f   OllyLang.obj
 0001:0001c769       ?DoFINDCMDS@OllyLang@@AAE_NV?$basic_string@DU?$char_traits@D@std@@V?$allocator@D@2@@std@@@Z 1001d769 f   OllyLang.obj
 0001:0001cdf7       ?DoFINDOP@OllyLang@@AAE_NV?$basic_string@DU?$char_traits@D@std@@V?$allocator@D@2@@std@@@Z 1001ddf7 f   OllyLang.obj
 0001:0001d5b8       ?DoFINDMEM@OllyLang@@AAE_NV?$basic_string@DU?$char_traits@D@std@@V?$allocator@D@2@@std@@@Z 1001e5b8 f   OllyLang.obj
 0001:0001db0b       ?DoFREE@OllyLang@@AAE_NV?$basic_string@DU?$char_traits@D@std@@V?$allocator@D@2@@std@@@Z 1001eb0b f   OllyLang.obj
 0001:0001dcf6       ?DoGAPI@OllyLang@@AAE_NV?$basic_string@DU?$char_traits@D@std@@V?$allocator@D@2@@std@@@Z 1001ecf6 f   OllyLang.obj
 0001:0001e258       ?DoGCMT@OllyLang@@AAE_NV?$basic_string@DU?$char_traits@D@std@@V?$allocator@D@2@@std@@@Z 1001f258 f   OllyLang.obj
 0001:0001e47d       ?DoGMEMI@OllyLang@@AAE_NV?$basic_string@DU?$char_traits@D@std@@V?$allocator@D@2@@std@@@Z 1001f47d f   OllyLang.obj
 0001:0001ea25       ?DoGMI@OllyLang@@AAE_NV?$basic_string@DU?$char_traits@D@std@@V?$allocator@D@2@@std@@@Z 1001fa25 f   OllyLang.obj
 0001:0001f2bb       ?DoGN@OllyLang@@AAE_NV?$basic_string@DU?$char_traits@D@std@@V?$allocator@D@2@@std@@@Z 100202bb f   OllyLang.obj
 0001:0001f770       ?DoGO@OllyLang@@AAE_NV?$basic_string@DU?$char_traits@D@std@@V?$allocator@D@2@@std@@@Z 10020770 f   OllyLang.obj
 0001:0001f8d6       ?DoGPA@OllyLang@@AAE_NV?$basic_string@DU?$char_traits@D@std@@V?$allocator@D@2@@std@@@Z 100208d6 f   OllyLang.obj
 0001:0001fec3       ?DoGPI@OllyLang@@AAE_NV?$basic_string@DU?$char_traits@D@std@@V?$allocator@D@2@@std@@@Z 10020ec3 f   OllyLang.obj
 0001:0002092e       ?DoGPP@OllyLang@@AAE_NV?$basic_string@DU?$char_traits@D@std@@V?$allocator@D@2@@std@@@Z 1002192e f   OllyLang.obj
 0001:00020d98       ?DoHANDLE@OllyLang@@AAE_NV?$basic_string@DU?$char_traits@D@std@@V?$allocator@D@2@@std@@@Z 10021d98 f   OllyLang.obj
 0001:00021038       ?DoINC@OllyLang@@AAE_NV?$basic_string@DU?$char_traits@D@std@@V?$allocator@D@2@@std@@@Z 10022038 f   OllyLang.obj
 0001:00021146       ?DoITOA@OllyLang@@AAE_NV?$basic_string@DU?$char_traits@D@std@@V?$allocator@D@2@@std@@@Z 10022146 f   OllyLang.obj
 0001:000213a9       ?DoJA@OllyLang@@AAE_NV?$basic_string@DU?$char_traits@D@std@@V?$allocator@D@2@@std@@@Z 100223a9 f   OllyLang.obj
 0001:0002146c       ?DoJAE@OllyLang@@AAE_NV?$basic_string@DU?$char_traits@D@std@@V?$allocator@D@2@@std@@@Z 1002246c f   OllyLang.obj
 0001:00021520       ?DoJB@OllyLang@@AAE_NV?$basic_string@DU?$char_traits@D@std@@V?$allocator@D@2@@std@@@Z 10022520 f   OllyLang.obj
 0001:000215d5       ?DoJBE@OllyLang@@AAE_NV?$basic_string@DU?$char_traits@D@std@@V?$allocator@D@2@@std@@@Z 100225d5 f   OllyLang.obj
 0001:0002169a       ?DoJE@OllyLang@@AAE_NV?$basic_string@DU?$char_traits@D@std@@V?$allocator@D@2@@std@@@Z 1002269a f   OllyLang.obj
 0001:0002174f       ?DoJMP@OllyLang@@AAE_NV?$basic_string@DU?$char_traits@D@std@@V?$allocator@D@2@@std@@@Z 1002274f f   OllyLang.obj
 0001:000218fc       ?DoJNE@OllyLang@@AAE_NV?$basic_string@DU?$char_traits@D@std@@V?$allocator@D@2@@std@@@Z 100228fc f   OllyLang.obj
 0001:000219b0       ?DoKEY@OllyLang@@AAE_NV?$basic_string@DU?$char_traits@D@std@@V?$allocator@D@2@@std@@@Z 100229b0 f   OllyLang.obj
 0001:00021bdc       ?DoLBL@OllyLang@@AAE_NV?$basic_string@DU?$char_traits@D@std@@V?$allocator@D@2@@std@@@Z 10022bdc f   OllyLang.obj
 0001:00021dff       ?DoLM@OllyLang@@AAE_NV?$basic_string@DU?$char_traits@D@std@@V?$allocator@D@2@@std@@@Z 10022dff f   OllyLang.obj
 0001:000222e3       ?DoLC@OllyLang@@AAE_NV?$basic_string@DU?$char_traits@D@std@@V?$allocator@D@2@@std@@@Z 100232e3 f   OllyLang.obj
 0001:000223a9       ?DoLCLR@OllyLang@@AAE_NV?$basic_string@DU?$char_traits@D@std@@V?$allocator@D@2@@std@@@Z 100233a9 f   OllyLang.obj
 0001:00022411       ?DoLEN@OllyLang@@AAE_NV?$basic_string@DU?$char_traits@D@std@@V?$allocator@D@2@@std@@@Z 10023411 f   OllyLang.obj
 0001:000225d8       ?DoLOG@OllyLang@@AAE_NV?$basic_string@DU?$char_traits@D@std@@V?$allocator@D@2@@std@@@Z 100235d8 f   OllyLang.obj
 0001:00022f89       ?DoMOV@OllyLang@@AAE_NV?$basic_string@DU?$char_traits@D@std@@V?$allocator@D@2@@std@@@Z 10023f89 f   OllyLang.obj
 0001:00024064       ?DoMSG@OllyLang@@AAE_NV?$basic_string@DU?$char_traits@D@std@@V?$allocator@D@2@@std@@@Z 10025064 f   OllyLang.obj
 0001:00024268       ?DoMSGYN@OllyLang@@AAE_NV?$basic_string@DU?$char_traits@D@std@@V?$allocator@D@2@@std@@@Z 10025268 f   OllyLang.obj
 0001:0002458c       ?DoOR@OllyLang@@AAE_NV?$basic_string@DU?$char_traits@D@std@@V?$allocator@D@2@@std@@@Z 1002558c f   OllyLang.obj
 0001:0002485b       ?DoMUL@OllyLang@@AAE_NV?$basic_string@DU?$char_traits@D@std@@V?$allocator@D@2@@std@@@Z 1002585b f   OllyLang.obj
 0001:00024a9c       ?DoNEG@OllyLang@@AAE_NV?$basic_string@DU?$char_traits@D@std@@V?$allocator@D@2@@std@@@Z 10025a9c f   OllyLang.obj
 0001:00024d07       ?DoNOT@OllyLang@@AAE_NV?$basic_string@DU?$char_traits@D@std@@V?$allocator@D@2@@std@@@Z 10025d07 f   OllyLang.obj
 0001:00024f72       ?DoOPCODE@OllyLang@@AAE_NV?$basic_string@DU?$char_traits@D@std@@V?$allocator@D@2@@std@@@Z 10025f72 f   OllyLang.obj
 0001:000253c3       ?DoOPENTRACE@OllyLang@@AAE_NV?$basic_string@DU?$char_traits@D@std@@V?$allocator@D@2@@std@@@Z 100263c3 f   OllyLang.obj
 0001:0002543e       ?DoPAUSE@OllyLang@@AAE_NV?$basic_string@DU?$char_traits@D@std@@V?$allocator@D@2@@std@@@Z 1002643e f   OllyLang.obj
 0001:000254a8       ?DoPOP@OllyLang@@AAE_NV?$basic_string@DU?$char_traits@D@std@@V?$allocator@D@2@@std@@@Z 100264a8 f   OllyLang.obj
 0001:000256f4       ?DoPREOP@OllyLang@@AAE_NV?$basic_string@DU?$char_traits@D@std@@V?$allocator@D@2@@std@@@Z 100266f4 f   OllyLang.obj
 0001:00025914       ?DoPUSH@OllyLang@@AAE_NV?$basic_string@DU?$char_traits@D@std@@V?$allocator@D@2@@std@@@Z 10026914 f   OllyLang.obj
 0001:00025b25       ?DoREADSTR@OllyLang@@AAE_NV?$basic_string@DU?$char_traits@D@std@@V?$allocator@D@2@@std@@@Z 10026b25 f   OllyLang.obj
 0001:00025d1d       ?DoREF@OllyLang@@AAE_NV?$basic_string@DU?$char_traits@D@std@@V?$allocator@D@2@@std@@@Z 10026d1d f   OllyLang.obj
 0001:000263be       ?DoREPL@OllyLang@@AAE_NV?$basic_string@DU?$char_traits@D@std@@V?$allocator@D@2@@std@@@Z 100273be f   OllyLang.obj
 0001:000267f4       ?DoRESET@OllyLang@@AAE_NV?$basic_string@DU?$char_traits@D@std@@V?$allocator@D@2@@std@@@Z 100277f4 f   OllyLang.obj
 0001:00026841       ?DoRET@OllyLang@@AAE_NV?$basic_string@DU?$char_traits@D@std@@V?$allocator@D@2@@std@@@Z 10027841 f   OllyLang.obj
 0001:000268d6       ?DoREV@OllyLang@@AAE_NV?$basic_string@DU?$char_traits@D@std@@V?$allocator@D@2@@std@@@Z 100278d6 f   OllyLang.obj
 0001:00026aaf       ?DoROL@OllyLang@@AAE_NV?$basic_string@DU?$char_traits@D@std@@V?$allocator@D@2@@std@@@Z 10027aaf f   OllyLang.obj
 0001:00026d87       ?DoROR@OllyLang@@AAE_NV?$basic_string@DU?$char_traits@D@std@@V?$allocator@D@2@@std@@@Z 10027d87 f   OllyLang.obj
 0001:0002705f       ?DoRTR@OllyLang@@AAE_NV?$basic_string@DU?$char_traits@D@std@@V?$allocator@D@2@@std@@@Z 1002805f f   OllyLang.obj
 0001:000270b6       ?DoRTU@OllyLang@@AAE_NV?$basic_string@DU?$char_traits@D@std@@V?$allocator@D@2@@std@@@Z 100280b6 f   OllyLang.obj
 0001:0002710d       ?DoRUN@OllyLang@@AAE_NV?$basic_string@DU?$char_traits@D@std@@V?$allocator@D@2@@std@@@Z 1002810d f   OllyLang.obj
 0001:00027163       ?DoSCMP@OllyLang@@AAE_NV?$basic_string@DU?$char_traits@D@std@@V?$allocator@D@2@@std@@@Z 10028163 f   OllyLang.obj
 0001:00027390       ?DoSCMPI@OllyLang@@AAE_NV?$basic_string@DU?$char_traits@D@std@@V?$allocator@D@2@@std@@@Z 10028390 f   OllyLang.obj
 0001:000275cb       ?DoSETOPTION@OllyLang@@AAE_NV?$basic_string@DU?$char_traits@D@std@@V?$allocator@D@2@@std@@@Z 100285cb f   OllyLang.obj
 0001:00027622       ?DoSHL@OllyLang@@AAE_NV?$basic_string@DU?$char_traits@D@std@@V?$allocator@D@2@@std@@@Z 10028622 f   OllyLang.obj
 0001:000278f5       ?DoSHR@OllyLang@@AAE_NV?$basic_string@DU?$char_traits@D@std@@V?$allocator@D@2@@std@@@Z 100288f5 f   OllyLang.obj
 0001:00027bc8       ?DoSTI@OllyLang@@AAE_NV?$basic_string@DU?$char_traits@D@std@@V?$allocator@D@2@@std@@@Z 10028bc8 f   OllyLang.obj
 0001:00027c1e       ?DoSTO@OllyLang@@AAE_NV?$basic_string@DU?$char_traits@D@std@@V?$allocator@D@2@@std@@@Z 10028c1e f   OllyLang.obj
 0001:00027c74       ?DoSUB@OllyLang@@AAE_NV?$basic_string@DU?$char_traits@D@std@@V?$allocator@D@2@@std@@@Z 10028c74 f   OllyLang.obj
 0001:00027f72       ?DoTC@OllyLang@@AAE_NV?$basic_string@DU?$char_traits@D@std@@V?$allocator@D@2@@std@@@Z 10028f72 f   OllyLang.obj
 0001:00027fad       ?DoTEST@OllyLang@@AAE_NV?$basic_string@DU?$char_traits@D@std@@V?$allocator@D@2@@std@@@Z 10028fad f   OllyLang.obj
 0001:00028131       ?DoTI@OllyLang@@AAE_NV?$basic_string@DU?$char_traits@D@std@@V?$allocator@D@2@@std@@@Z 10029131 f   OllyLang.obj
 0001:00028188       ?DoTICND@OllyLang@@AAE_NV?$basic_string@DU?$char_traits@D@std@@V?$allocator@D@2@@std@@@Z 10029188 f   OllyLang.obj
 0001:000283bb       ?DoTO@OllyLang@@AAE_NV?$basic_string@DU?$char_traits@D@std@@V?$allocator@D@2@@std@@@Z 100293bb f   OllyLang.obj
 0001:00028412       ?DoTOCND@OllyLang@@AAE_NV?$basic_string@DU?$char_traits@D@std@@V?$allocator@D@2@@std@@@Z 10029412 f   OllyLang.obj
 0001:00028645       ?DoVAR@OllyLang@@AAE_NV?$basic_string@DU?$char_traits@D@std@@V?$allocator@D@2@@std@@@Z 10029645 f   OllyLang.obj
 0001:000288a6       ?DoXCHG@OllyLang@@AAE_NV?$basic_string@DU?$char_traits@D@std@@V?$allocator@D@2@@std@@@Z 100298a6 f   OllyLang.obj
 0001:00028bbf       ?DoXOR@OllyLang@@AAE_NV?$basic_string@DU?$char_traits@D@std@@V?$allocator@D@2@@std@@@Z 10029bbf f   OllyLang.obj
 0001:00028e8e       ?DoWRT@OllyLang@@AAE_NV?$basic_string@DU?$char_traits@D@std@@V?$allocator@D@2@@std@@@Z 10029e8e f   OllyLang.obj
 0001:00029267       ?DoWRTA@OllyLang@@AAE_NV?$basic_string@DU?$char_traits@D@std@@V?$allocator@D@2@@std@@@Z 1002a267 f   OllyLang.obj
 0001:00029780       ??1?$map@V?$basic_string@DU?$char_traits@D@std@@V?$allocator@D@2@@std@@Vvar@@U?$less@V?$basic_string@DU?$char_traits@D@std@@V?$allocator@D@2@@std@@@2@V?$allocator@Vvar@@@2@@std@@QAE@XZ 1002a780 f i OllyLang.obj
 0001:000297b0       ??1?$map@V?$basic_string@DU?$char_traits@D@std@@V?$allocator@D@2@@std@@P8OllyLang@@AE_NV12@@ZU?$less@V?$basic_string@DU?$char_traits@D@std@@V?$allocator@D@2@@std@@@2@V?$allocator@P8OllyLang@@AE_NV?$basic_string@DU?$char_traits@D@std@@V?$allocator@D@2@@std@@@Z@2@@std@@QAE@XZ 1002a7b0 f i OllyLang.obj
 0001:000297e0       ??1?$map@V?$basic_string@DU?$char_traits@D@std@@V?$allocator@D@2@@std@@HU?$less@V?$basic_string@DU?$char_traits@D@std@@V?$allocator@D@2@@std@@@2@V?$allocator@H@2@@std@@QAE@XZ 1002a7e0 f i OllyLang.obj
 0001:00029810       ??1?$set@V?$basic_string@DU?$char_traits@D@std@@V?$allocator@D@2@@std@@U?$less@V?$basic_string@DU?$char_traits@D@std@@V?$allocator@D@2@@std@@@2@V?$allocator@V?$basic_string@DU?$char_traits@D@std@@V?$allocator@D@2@@std@@@2@@std@@QAE@XZ 1002a810 f i OllyLang.obj
 0001:00029840       ??Bios_base@std@@QBEPAXXZ  1002a840 f i OllyLang.obj
 0001:00029880       ??_D?$basic_ifstream@DU?$char_traits@D@std@@@std@@QAEXXZ 1002a880 f i OllyLang.obj
 0001:000298c0       ??1?$pair@V?$basic_string@DU?$char_traits@D@std@@V?$allocator@D@2@@std@@H@std@@QAE@XZ 1002a8c0 f i OllyLang.obj
 0001:000298f0       ??1?$pair@$$CBV?$basic_string@DU?$char_traits@D@std@@V?$allocator@D@2@@std@@H@std@@QAE@XZ 1002a8f0 f i OllyLang.obj
 0001:00029920       ??1?$pair@V?$basic_string@DU?$char_traits@D@std@@V?$allocator@D@2@@std@@Vvar@@@std@@QAE@XZ 1002a920 f i OllyLang.obj
 0001:00029980       ??4?$pair@V?$basic_string@DU?$char_traits@D@std@@V?$allocator@D@2@@std@@Vvar@@@std@@QAEAAU01@ABU01@@Z 1002a980 f i OllyLang.obj
 0001:000299c0       ??1var@@QAE@XZ             1002a9c0 f i OllyLang.obj
 0001:000299f0       ??4?$pair@V?$basic_string@DU?$char_traits@D@std@@V?$allocator@D@2@@std@@H@std@@QAEAAU01@ABU01@@Z 1002a9f0 f i OllyLang.obj
 0001:00029a30       ?hex@std@@YAAAVios_base@1@AAV21@@Z 1002aa30 f i OllyLang.obj
 0001:00029a60       ?setf@ios_base@std@@QAEHHH@Z 1002aa60 f i OllyLang.obj
 0001:00029ab0       ??_F?$basic_string@DU?$char_traits@D@std@@V?$allocator@D@2@@std@@QAEXXZ 1002aab0 f i OllyLang.obj
 0001:00029af0       ??_D?$basic_ofstream@DU?$char_traits@D@std@@@std@@QAEXXZ 1002aaf0 f i OllyLang.obj
 0001:00029b30       ?eof@ios_base@std@@QBE_NXZ 1002ab30 f i OllyLang.obj
 0001:00029b60       ??1?$pair@$$CBV?$basic_string@DU?$char_traits@D@std@@V?$allocator@D@2@@std@@Vvar@@@std@@QAE@XZ 1002ab60 f i OllyLang.obj
 0001:00029bc0       ??4?$basic_string@DU?$char_traits@D@std@@V?$allocator@D@2@@std@@QAEAAV01@D@Z 1002abc0 f i OllyLang.obj
 0001:00029bf0       ??Y?$basic_string@DU?$char_traits@D@std@@V?$allocator@D@2@@std@@QAEAAV01@ABV01@@Z 1002abf0 f i OllyLang.obj
 0001:00029c20       ??Y?$basic_string@DU?$char_traits@D@std@@V?$allocator@D@2@@std@@QAEAAV01@D@Z 1002ac20 f i OllyLang.obj
 0001:00029c50       ?append@?$basic_string@DU?$char_traits@D@std@@V?$allocator@D@2@@std@@QAEAAV12@ABV12@@Z 1002ac50 f i OllyLang.obj
 0001:00029c90       ?rfind@?$basic_string@DU?$char_traits@D@std@@V?$allocator@D@2@@std@@QBEIPBDI@Z 1002ac90 f i OllyLang.obj
 0001:00029cd0       ?find_first_of@?$basic_string@DU?$char_traits@D@std@@V?$allocator@D@2@@std@@QBEIABV12@I@Z 1002acd0 f i OllyLang.obj
 0001:00029d10       ?find_first_of@?$basic_string@DU?$char_traits@D@std@@V?$allocator@D@2@@std@@QBEIPBDI@Z 1002ad10 f i OllyLang.obj
 0001:00029d50       ?compare@?$basic_string@DU?$char_traits@D@std@@V?$allocator@D@2@@std@@QBEHABV12@@Z 1002ad50 f i OllyLang.obj
 0001:00029da0       ??6?$basic_ostream@DU?$char_traits@D@std@@@std@@QAEAAV01@P6AAAVios_base@1@AAV21@@Z@Z 1002ada0 f i OllyLang.obj
 0001:00029e00       ??6?$basic_ostream@DU?$char_traits@D@std@@@std@@QAEAAV01@K@Z 1002ae00 f i OllyLang.obj
 0001:00029fb0       ??1?$basic_ios@DU?$char_traits@D@std@@@std@@UAE@XZ 1002afb0 f i OllyLang.obj
 0001:00029fe0       ?read@?$basic_istream@DU?$char_traits@D@std@@@std@@QAEAAV12@PADH@Z 1002afe0 f i OllyLang.obj
 0001:0002a100       ?gcount@?$basic_istream@DU?$char_traits@D@std@@@std@@QBEHXZ 1002b100 f i OllyLang.obj
 0001:0002a120       ??0sentry@?$basic_istream@DU?$char_traits@D@std@@@std@@QAE@AAV12@_N@Z 1002b120 f i OllyLang.obj
 0001:0002a160       ??Bsentry@?$basic_istream@DU?$char_traits@D@std@@@std@@QBE_NXZ 1002b160 f i OllyLang.obj
 0001:0002a180       ??0?$vector@Ut_wndprog_data@@V?$allocator@Ut_wndprog_data@@@std@@@std@@QAE@ABV?$allocator@Ut_wndprog_data@@@1@@Z 1002b180 f i OllyLang.obj
 0001:0002a1c0       ??1?$vector@Ut_wndprog_data@@V?$allocator@Ut_wndprog_data@@@std@@@std@@QAE@XZ 1002b1c0 f i OllyLang.obj
 0001:0002a240       ??0?$vector@Ut_wndlog_data@@V?$allocator@Ut_wndlog_data@@@std@@@std@@QAE@ABV?$allocator@Ut_wndlog_data@@@1@@Z 1002b240 f i OllyLang.obj
 0001:0002a280       ??1?$vector@Ut_wndlog_data@@V?$allocator@Ut_wndlog_data@@@std@@@std@@QAE@XZ 1002b280 f i OllyLang.obj
 0001:0002a300       ??0?$map@V?$basic_string@DU?$char_traits@D@std@@V?$allocator@D@2@@std@@Vvar@@U?$less@V?$basic_string@DU?$char_traits@D@std@@V?$allocator@D@2@@std@@@2@V?$allocator@Vvar@@@2@@std@@QAE@ABU?$less@V?$basic_string@DU?$char_traits@D@std@@V?$allocator@D@2@@std@@@1@ABV?$allocator@Vvar@@@1@@Z 1002b300 f i OllyLang.obj
 0001:0002a340       ?begin@?$map@V?$basic_string@DU?$char_traits@D@std@@V?$allocator@D@2@@std@@Vvar@@U?$less@V?$basic_string@DU?$char_traits@D@std@@V?$allocator@D@2@@std@@@2@V?$allocator@Vvar@@@2@@std@@QAE?AViterator@?$_Tree@V?$basic_string@DU?$char_traits@D@std@@V?$allocator@D@2@@std@@U?$pair@$$CBV?$basic_string@DU?$char_traits@D@std@@V?$allocator@D@2@@std@@Vvar@@@2@U_Kfn@?$map@V?$basic_string@DU?$char_traits@D@std@@V?$allocator@D@2@@std@@Vvar@@U?$less@V?$basic_string@DU?$char_traits@D@std@@V?$allocator@D@2@@std@@@2@V?$allocator@Vvar@@@2@@2@U?$less@V?$basic_string@DU?$char_traits@D@std@@V?$allocator@D@2@@std@@@2@V?$allocator@Vvar@@@2@@2@XZ 1002b340 f i OllyLang.obj
 0001:0002a380       ?end@?$map@V?$basic_string@DU?$char_traits@D@std@@V?$allocator@D@2@@std@@Vvar@@U?$less@V?$basic_string@DU?$char_traits@D@std@@V?$allocator@D@2@@std@@@2@V?$allocator@Vvar@@@2@@std@@QAE?AViterator@?$_Tree@V?$basic_string@DU?$char_traits@D@std@@V?$allocator@D@2@@std@@U?$pair@$$CBV?$basic_string@DU?$char_traits@D@std@@V?$allocator@D@2@@std@@Vvar@@@2@U_Kfn@?$map@V?$basic_string@DU?$char_traits@D@std@@V?$allocator@D@2@@std@@Vvar@@U?$less@V?$basic_string@DU?$char_traits@D@std@@V?$allocator@D@2@@std@@@2@V?$allocator@Vvar@@@2@@2@U?$less@V?$basic_string@DU?$char_traits@D@std@@V?$allocator@D@2@@std@@@2@V?$allocator@Vvar@@@2@@2@XZ 1002b380 f i OllyLang.obj
 0001:0002a3c0       ??A?$map@V?$basic_string@DU?$char_traits@D@std@@V?$allocator@D@2@@std@@Vvar@@U?$less@V?$basic_string@DU?$char_traits@D@std@@V?$allocator@D@2@@std@@@2@V?$allocator@Vvar@@@2@@std@@QAEAAVvar@@ABV?$basic_string@DU?$char_traits@D@std@@V?$allocator@D@2@@1@@Z 1002b3c0 f i OllyLang.obj
 0001:0002a480       ?insert@?$map@V?$basic_string@DU?$char_traits@D@std@@V?$allocator@D@2@@std@@Vvar@@U?$less@V?$basic_string@DU?$char_traits@D@std@@V?$allocator@D@2@@std@@@2@V?$allocator@Vvar@@@2@@std@@QAE?AU?$pair@Viterator@?$_Tree@V?$basic_string@DU?$char_traits@D@std@@V?$allocator@D@2@@std@@U?$pair@$$CBV?$basic_string@DU?$char_traits@D@std@@V?$allocator@D@2@@std@@Vvar@@@2@U_Kfn@?$map@V?$basic_string@DU?$char_traits@D@std@@V?$allocator@D@2@@std@@Vvar@@U?$less@V?$basic_string@DU?$char_traits@D@std@@V?$allocator@D@2@@std@@@2@V?$allocator@Vvar@@@2@@2@U?$less@V?$basic_string@DU?$char_traits@D@std@@V?$allocator@D@2@@std@@@2@V?$allocator@Vvar@@@2@@std@@_N@2@ABU?$pair@$$CBV?$basic_string@DU?$char_traits@D@std@@V?$allocator@D@2@@std@@Vvar@@@2@@Z 1002b480 f i OllyLang.obj
 0001:0002a4f0       ?clear@?$map@V?$basic_string@DU?$char_traits@D@std@@V?$allocator@D@2@@std@@Vvar@@U?$less@V?$basic_string@DU?$char_traits@D@std@@V?$allocator@D@2@@std@@@2@V?$allocator@Vvar@@@2@@std@@QAEXXZ 1002b4f0 f i OllyLang.obj
 0001:0002a520       ?find@?$map@V?$basic_string@DU?$char_traits@D@std@@V?$allocator@D@2@@std@@Vvar@@U?$less@V?$basic_string@DU?$char_traits@D@std@@V?$allocator@D@2@@std@@@2@V?$allocator@Vvar@@@2@@std@@QAE?AViterator@?$_Tree@V?$basic_string@DU?$char_traits@D@std@@V?$allocator@D@2@@std@@U?$pair@$$CBV?$basic_string@DU?$char_traits@D@std@@V?$allocator@D@2@@std@@Vvar@@@2@U_Kfn@?$map@V?$basic_string@DU?$char_traits@D@std@@V?$allocator@D@2@@std@@Vvar@@U?$less@V?$basic_string@DU?$char_traits@D@std@@V?$allocator@D@2@@std@@@2@V?$allocator@Vvar@@@2@@2@U?$less@V?$basic_string@DU?$char_traits@D@std@@V?$allocator@D@2@@std@@@2@V?$allocator@Vvar@@@2@@2@ABV?$basic_string@DU?$char_traits@D@std@@V?$allocator@D@2@@2@@Z 1002b520 f i OllyLang.obj
 0001:0002a570       ??1?$_Tree@V?$basic_string@DU?$char_traits@D@std@@V?$allocator@D@2@@std@@U?$pair@$$CBV?$basic_string@DU?$char_traits@D@std@@V?$allocator@D@2@@std@@Vvar@@@2@U_Kfn@?$map@V?$basic_string@DU?$char_traits@D@std@@V?$allocator@D@2@@std@@Vvar@@U?$less@V?$basic_string@DU?$char_traits@D@std@@V?$allocator@D@2@@std@@@2@V?$allocator@Vvar@@@2@@2@U?$less@V?$basic_string@DU?$char_traits@D@std@@V?$allocator@D@2@@std@@@2@V?$allocator@Vvar@@@2@@std@@QAE@XZ 1002b570 f i OllyLang.obj
 0001:0002a660       ??0iterator@?$_Tree@V?$basic_string@DU?$char_traits@D@std@@V?$allocator@D@2@@std@@U?$pair@$$CBV?$basic_string@DU?$char_traits@D@std@@V?$allocator@D@2@@std@@Vvar@@@2@U_Kfn@?$map@V?$basic_string@DU?$char_traits@D@std@@V?$allocator@D@2@@std@@Vvar@@U?$less@V?$basic_string@DU?$char_traits@D@std@@V?$allocator@D@2@@std@@@2@V?$allocator@Vvar@@@2@@2@U?$less@V?$basic_string@DU?$char_traits@D@std@@V?$allocator@D@2@@std@@@2@V?$allocator@Vvar@@@2@@std@@QAE@XZ 1002b660 f i OllyLang.obj
 0001:0002a690       ??Diterator@?$_Tree@V?$basic_string@DU?$char_traits@D@std@@V?$allocator@D@2@@std@@U?$pair@$$CBV?$basic_string@DU?$char_traits@D@std@@V?$allocator@D@2@@std@@Vvar@@@2@U_Kfn@?$map@V?$basic_string@DU?$char_traits@D@std@@V?$allocator@D@2@@std@@Vvar@@U?$less@V?$basic_string@DU?$char_traits@D@std@@V?$allocator@D@2@@std@@@2@V?$allocator@Vvar@@@2@@2@U?$less@V?$basic_string@DU?$char_traits@D@std@@V?$allocator@D@2@@std@@@2@V?$allocator@Vvar@@@2@@std@@QBEAAU?$pair@$$CBV?$basic_string@DU?$char_traits@D@std@@V?$allocator@D@2@@std@@Vvar@@@2@XZ 1002b690 f i OllyLang.obj
 0001:0002a6c0       ??Eiterator@?$_Tree@V?$basic_string@DU?$char_traits@D@std@@V?$allocator@D@2@@std@@U?$pair@$$CBV?$basic_string@DU?$char_traits@D@std@@V?$allocator@D@2@@std@@Vvar@@@2@U_Kfn@?$map@V?$basic_string@DU?$char_traits@D@std@@V?$allocator@D@2@@std@@Vvar@@U?$less@V?$basic_string@DU?$char_traits@D@std@@V?$allocator@D@2@@std@@@2@V?$allocator@Vvar@@@2@@2@U?$less@V?$basic_string@DU?$char_traits@D@std@@V?$allocator@D@2@@std@@@2@V?$allocator@Vvar@@@2@@std@@QAE?AV012@H@Z 1002b6c0 f i OllyLang.obj
 0001:0002a710       ??9iterator@?$_Tree@V?$basic_string@DU?$char_traits@D@std@@V?$allocator@D@2@@std@@U?$pair@$$CBV?$basic_string@DU?$char_traits@D@std@@V?$allocator@D@2@@std@@Vvar@@@2@U_Kfn@?$map@V?$basic_string@DU?$char_traits@D@std@@V?$allocator@D@2@@std@@Vvar@@U?$less@V?$basic_string@DU?$char_traits@D@std@@V?$allocator@D@2@@std@@@2@V?$allocator@Vvar@@@2@@2@U?$less@V?$basic_string@DU?$char_traits@D@std@@V?$allocator@D@2@@std@@@2@V?$allocator@Vvar@@@2@@std@@QBE_NABV012@@Z 1002b710 f i OllyLang.obj
 0001:0002a750       ??0?$vector@V?$basic_string@DU?$char_traits@D@std@@V?$allocator@D@2@@std@@V?$allocator@V?$basic_string@DU?$char_traits@D@std@@V?$allocator@D@2@@std@@@2@@std@@QAE@ABV?$allocator@V?$basic_string@DU?$char_traits@D@std@@V?$allocator@D@2@@std@@@1@@Z 1002b750 f i OllyLang.obj
 0001:0002a790       ??0?$vector@V?$basic_string@DU?$char_traits@D@std@@V?$allocator@D@2@@std@@V?$allocator@V?$basic_string@DU?$char_traits@D@std@@V?$allocator@D@2@@std@@@2@@std@@QAE@ABV01@@Z 1002b790 f i OllyLang.obj
 0001:0002a810       ??1?$vector@V?$basic_string@DU?$char_traits@D@std@@V?$allocator@D@2@@std@@V?$allocator@V?$basic_string@DU?$char_traits@D@std@@V?$allocator@D@2@@std@@@2@@std@@QAE@XZ 1002b810 f i OllyLang.obj
 0001:0002a880       ?at@?$vector@V?$basic_string@DU?$char_traits@D@std@@V?$allocator@D@2@@std@@V?$allocator@V?$basic_string@DU?$char_traits@D@std@@V?$allocator@D@2@@std@@@2@@std@@QAEAAV?$basic_string@DU?$char_traits@D@std@@V?$allocator@D@2@@2@I@Z 1002b880 f i OllyLang.obj
 0001:0002a8d0       ??A?$vector@V?$basic_string@DU?$char_traits@D@std@@V?$allocator@D@2@@std@@V?$allocator@V?$basic_string@DU?$char_traits@D@std@@V?$allocator@D@2@@std@@@2@@std@@QAEAAV?$basic_string@DU?$char_traits@D@std@@V?$allocator@D@2@@1@I@Z 1002b8d0 f i OllyLang.obj
 0001:0002a900       ?clear@?$vector@V?$basic_string@DU?$char_traits@D@std@@V?$allocator@D@2@@std@@V?$allocator@V?$basic_string@DU?$char_traits@D@std@@V?$allocator@D@2@@std@@@2@@std@@QAEXXZ 1002b900 f i OllyLang.obj
[...]
 0001:0005c730       ?FindHandler@@YAXPAUEHExceptionRecord@@PAUEHRegistrationNode@@PAU_CONTEXT@@PAXPBU_s_FuncInfo@@EH1@Z 1005d730 f   LIBCMTD:frame.obj
 0001:0005c9d0       ?FindHandlerForForeignException@@YAXPAUEHExceptionRecord@@PAUEHRegistrationNode@@PAU_CONTEXT@@PAXPBU_s_FuncInfo@@HH1@Z 1005d9d0 f   LIBCMTD:frame.obj
 0001:0005caf0       ?TypeMatch@@YAHPBU_s_HandlerType@@PBU_s_CatchableType@@PBU_s_ThrowInfo@@@Z 1005daf0 f   LIBCMTD:frame.obj
 0001:0005ccb0       ?FrameUnwindFilter@@YAHPAU_EXCEPTION_POINTERS@@@Z 1005dcb0 f   LIBCMTD:frame.obj
 0001:0005cce0       ?CatchIt@@YAXPAUEHExceptionRecord@@PAUEHRegistrationNode@@PAU_CONTEXT@@PAXPBU_s_FuncInfo@@PBU_s_HandlerType@@PBU_s_CatchableType@@PBU_s_TryBlockMapEntry@@H1E@Z 1005dce0 f   LIBCMTD:frame.obj
 0001:0005cda0       ?CallCatchBlock@@YAPAXPAUEHExceptionRecord@@PAUEHRegistrationNode@@PAU_CONTEXT@@PBU_s_FuncInfo@@PAXHK@Z 1005dda0 f   LIBCMTD:frame.obj
 0001:0005cef0       ?ExFilterRethrow@@YAHPAU_EXCEPTION_POINTERS@@@Z 1005def0 f   LIBCMTD:frame.obj
 0001:0005cf40       ?BuildCatchObject@@YAXPAUEHExceptionRecord@@PAUEHRegistrationNode@@PBU_s_HandlerType@@PBU_s_CatchableType@@@Z 1005df40 f   LIBCMTD:frame.obj
 0001:0005d250       ?AdjustPointer@@YAPAXPAXABUPMD@@@Z 1005e250 f   LIBCMTD:frame.obj
 0001:0005be30       _doexit                    1005ce30 f   LIBCMTD:crt0dat.obj
 0001:0005bf40       __initterm                 1005cf40 f   LIBCMTD:crt0dat.obj
 0001:0005bce0       _strncnt                   1005cce0 f   LIBCMTD:a_cmp.obj
 0001:0005aa70       __expandtime               1005ba70 f   LIBCMTD:strftime.obj
 0001:0005b090       __store_str                1005c090 f   LIBCMTD:strftime.obj
 0001:0005b0e0       __store_num                1005c0e0 f   LIBCMTD:strftime.obj
 0001:0005b190       __store_number             1005c190 f   LIBCMTD:strftime.obj
 0001:0005b240       __store_winword            1005c240 f   LIBCMTD:strftime.obj
 0001:00059fe0       _CrtMessageWindow          1005afe0 f   LIBCMTD:dbgrpt.obj
 0001:00059a30       _strncnt                   1005aa30 f   LIBCMTD:a_map.obj
 0001:00058e40       __setlocale_set_cat        10059e40 f   LIBCMTD:setlocal.obj
 0001:00058fe0       __setlocale_get_all        10059fe0 f   LIBCMTD:setlocal.obj
 0001:00057faa       okay                       10058faa f   LIBCMTD:strncmp.obj
 0001:00057fbd       firstbig                   10058fbd f   LIBCMTD:strncmp.obj
 0001:00057fbf       lastbig                    10058fbf f   LIBCMTD:strncmp.obj
 0001:00057fc1       toend                      10058fc1 f   LIBCMTD:strncmp.obj
 0001:00057ba0       _flsall                    10058ba0 f   LIBCMTD:fflush.obj
 0001:00057208       findnext                   10058208 f   LIBCMTD:strstr.obj
 0001:00057219       loop_start                 10058219 f   LIBCMTD:strstr.obj
 0001:0005721c       in_loop                    1005821c f   LIBCMTD:strstr.obj
 0001:00057224       not_found                  10058224 f   LIBCMTD:strstr.obj
 0001:0005722a       first_char_found           1005822a f   LIBCMTD:strstr.obj
 0001:00057231       two_first_chars_equal      10058231 f   LIBCMTD:strstr.obj
 0001:00057234       compare_loop               10058234 f   LIBCMTD:strstr.obj
 0001:00057257       strchr_call                10058257 f   LIBCMTD:strstr.obj
 0001:00057263       match                      10058263 f   LIBCMTD:strstr.obj
 0001:0005726a       empty_str2                 1005826a f   LIBCMTD:strstr.obj
 0001:00056eb0       ?ArrayUnwindFilter@@YAHPAU_EXCEPTION_POINTERS@@@Z 10057eb0 f   LIBCMTD:ehvecdtr.obj
 0001:00056a8b       front_misaligned           10057a8b f   LIBCMTD:strncat.obj
 0001:00056a9a       find_end_of_front_string_loop 10057a9a f   LIBCMTD:strncat.obj
 0001:00056acb       start_byte_3               10057acb f   LIBCMTD:strncat.obj
 0001:00056ace       start_byte_2               10057ace f   LIBCMTD:strncat.obj
 0001:00056ad3       start_byte_1               10057ad3 f   LIBCMTD:strncat.obj
 0001:00056ad8       start_byte_0               10057ad8 f   LIBCMTD:strncat.obj
 0001:00056adb       copy_start                 10057adb f   LIBCMTD:strncat.obj
 0001:00056af0       back_misaligned            10057af0 f   LIBCMTD:strncat.obj
 0001:00056b0c       tail_loop_start            10057b0c f   LIBCMTD:strncat.obj
 0001:00056b13       tail_loop                  10057b13 f   LIBCMTD:strncat.obj
 0001:00056b20       empty_counter              10057b20 f   LIBCMTD:strncat.obj
 0001:00056b22       finish1                    10057b22 f   LIBCMTD:strncat.obj
 0001:00056b24       finish                     10057b24 f   LIBCMTD:strncat.obj
 0001:00056b2a       byte_0                     10057b2a f   LIBCMTD:strncat.obj
 0001:00056b34       main_loop                  10057b34 f   LIBCMTD:strncat.obj
 0001:00056b3c       main_loop_entrance         10057b3c f   LIBCMTD:strncat.obj
 0001:00056b6e       byte_3                     10057b6e f   LIBCMTD:strncat.obj
 0001:00056b78       byte_2                     10057b78 f   LIBCMTD:strncat.obj
 0001:00056b88       byte_1                     10057b88 f   LIBCMTD:strncat.obj
 0001:00056a44       listnext                   10057a44 f   LIBCMTD:strcspn.obj
 0001:00056a51       listdone                   10057a51 f   LIBCMTD:strcspn.obj
 0001:00056a58       dstnext                    10057a58 f   LIBCMTD:strcspn.obj
 0001:00056a66       dstdone                    10057a66 f   LIBCMTD:strcspn.obj
 0001:000565cb       str_misaligned             100575cb f   LIBCMTD:memchr.obj
 0001:000565dd       main_loop_start            100575dd f   LIBCMTD:memchr.obj
 0001:000565f3       return_from_main           100575f3 f   LIBCMTD:memchr.obj
 0001:000565f4       tail_less_then_4           100575f4 f   LIBCMTD:memchr.obj
 0001:000565f9       tail_loop                  100575f9 f   LIBCMTD:memchr.obj
 0001:00056603       retnull                    10057603 f   LIBCMTD:memchr.obj
 0001:00056605       main_loop                  10057605 f   LIBCMTD:memchr.obj
 0001:0005660a       main_loop_entry            1005760a f   LIBCMTD:memchr.obj
 0001:00056625       char_is_found              10057625 f   LIBCMTD:memchr.obj
 0001:0005663d       byte_3                     1005763d f   LIBCMTD:memchr.obj
 0001:0005663e       found                      1005763e f   LIBCMTD:memchr.obj
 0001:00056643       byte_2                     10057643 f   LIBCMTD:memchr.obj
 0001:00056649       byte_1                     10057649 f   LIBCMTD:memchr.obj
 0001:0005664f       byte_0                     1005764f f   LIBCMTD:memchr.obj
 0001:0005652d       main_loop                  1005752d f   LIBCMTD:memcmp.obj
 0001:0005654a       done                       1005754a f   LIBCMTD:memcmp.obj
 0001:0005654c       retnull                    1005754c f   LIBCMTD:memcmp.obj
 0001:0005654d       dwords                     1005754d f   LIBCMTD:memcmp.obj
 0001:00056575       difference_in_tail         10057575 f   LIBCMTD:memcmp.obj
 0001:0005657a       not_equal                  1005757a f   LIBCMTD:memcmp.obj
 0001:00056582       tail_loop_start            10057582 f   LIBCMTD:memcmp.obj
 0001:000565a9       tail_done                  100575a9 f   LIBCMTD:memcmp.obj
 0001:00056230       LeadUp1                    10057230 f   LIBCMTD:memmove.obj
 0001:0005625c       LeadUp2                    1005725c f   LIBCMTD:memmove.obj
 0001:00056280       LeadUp3                    10057280 f   LIBCMTD:memmove.obj
 0001:000562ff       UnwindUp0                  100572ff f   LIBCMTD:memmove.obj
 0001:000562ec       UnwindUp1                  100572ec f   LIBCMTD:memmove.obj
 0001:000562e4       UnwindUp2                  100572e4 f   LIBCMTD:memmove.obj
 0001:000562dc       UnwindUp3                  100572dc f   LIBCMTD:memmove.obj
 0001:000562d4       UnwindUp4                  100572d4 f   LIBCMTD:memmove.obj
 0001:000562cc       UnwindUp5                  100572cc f   LIBCMTD:memmove.obj
 0001:000562c4       UnwindUp6                  100572c4 f   LIBCMTD:memmove.obj
 0001:000562bc       UnwindUp7                  100572bc f   LIBCMTD:memmove.obj
 0001:00056318       TrailUp0                   10057318 f   LIBCMTD:memmove.obj
 0001:00056320       TrailUp1                   10057320 f   LIBCMTD:memmove.obj
 0001:0005632c       TrailUp2                   1005732c f   LIBCMTD:memmove.obj
 0001:00056340       TrailUp3                   10057340 f   LIBCMTD:memmove.obj
 0001:000563b8       LeadDown1                  100573b8 f   LIBCMTD:memmove.obj
 0001:000563d8       LeadDown2                  100573d8 f   LIBCMTD:memmove.obj
 0001:00056400       LeadDown3                  10057400 f   LIBCMTD:memmove.obj
 0001:00056454       UnwindDown7                10057454 f   LIBCMTD:memmove.obj
 0001:0005645c       UnwindDown6                1005745c f   LIBCMTD:memmove.obj
 0001:00056464       UnwindDown5                10057464 f   LIBCMTD:memmove.obj
 0001:0005646c       UnwindDown4                1005746c f   LIBCMTD:memmove.obj
 0001:00056474       UnwindDown3                10057474 f   LIBCMTD:memmove.obj
 0001:0005647c       UnwindDown2                1005747c f   LIBCMTD:memmove.obj
 0001:00056484       UnwindDown1                10057484 f   LIBCMTD:memmove.obj
 0001:00056497       UnwindDown0                10057497 f   LIBCMTD:memmove.obj
 0001:000564b0       TrailDown0                 100574b0 f   LIBCMTD:memmove.obj
 0001:000564b8       TrailDown1                 100574b8 f   LIBCMTD:memmove.obj
 0001:000564c8       TrailDown2                 100574c8 f   LIBCMTD:memmove.obj
 0001:000564dc       TrailDown3                 100574dc f   LIBCMTD:memmove.obj
 0001:000561e0       CopyUp                     100571e0 f   LIBCMTD:memmove.obj
 0001:000561fc       CopyLeadUp                 100571fc f   LIBCMTD:memmove.obj
 0001:00056214       ByteCopyUp                 10057214 f   LIBCMTD:memmove.obj
 0001:0005621c       CopyUnwindUp               1005721c f   LIBCMTD:memmove.obj
 0001:00056358       CopyDown                   10057358 f   LIBCMTD:memmove.obj
 0001:00056380       CopyUnwindDown             10057380 f   LIBCMTD:memmove.obj
 0001:0005638c       CopyLeadDown               1005738c f   LIBCMTD:memmove.obj
 0001:000563a4       ByteCopyDown               100573a4 f   LIBCMTD:memmove.obj
 0001:00055ef0       LeadUp1                    10056ef0 f   LIBCMTD:memcpy.obj
 0001:00055f1c       LeadUp2                    10056f1c f   LIBCMTD:memcpy.obj
 0001:00055f40       LeadUp3                    10056f40 f   LIBCMTD:memcpy.obj
 0001:00055fbf       UnwindUp0                  10056fbf f   LIBCMTD:memcpy.obj
 0001:00055fac       UnwindUp1                  10056fac f   LIBCMTD:memcpy.obj
 0001:00055fa4       UnwindUp2                  10056fa4 f   LIBCMTD:memcpy.obj
 0001:00055f9c       UnwindUp3                  10056f9c f   LIBCMTD:memcpy.obj
 0001:00055f94       UnwindUp4                  10056f94 f   LIBCMTD:memcpy.obj
 0001:00055f8c       UnwindUp5                  10056f8c f   LIBCMTD:memcpy.obj
 0001:00055f84       UnwindUp6                  10056f84 f   LIBCMTD:memcpy.obj
 0001:00055f7c       UnwindUp7                  10056f7c f   LIBCMTD:memcpy.obj
 0001:00055fd8       TrailUp0                   10056fd8 f   LIBCMTD:memcpy.obj
 0001:00055fe0       TrailUp1                   10056fe0 f   LIBCMTD:memcpy.obj
 0001:00055fec       TrailUp2                   10056fec f   LIBCMTD:memcpy.obj
 0001:00056000       TrailUp3                   10057000 f   LIBCMTD:memcpy.obj
 0001:00056078       LeadDown1                  10057078 f   LIBCMTD:memcpy.obj
 0001:00056098       LeadDown2                  10057098 f   LIBCMTD:memcpy.obj
 0001:000560c0       LeadDown3                  100570c0 f   LIBCMTD:memcpy.obj
 0001:00056114       UnwindDown7                10057114 f   LIBCMTD:memcpy.obj
 0001:0005611c       UnwindDown6                1005711c f   LIBCMTD:memcpy.obj
 0001:00056124       UnwindDown5                10057124 f   LIBCMTD:memcpy.obj
 0001:0005612c       UnwindDown4                1005712c f   LIBCMTD:memcpy.obj
 0001:00056134       UnwindDown3                10057134 f   LIBCMTD:memcpy.obj
 0001:0005613c       UnwindDown2                1005713c f   LIBCMTD:memcpy.obj
 0001:00056144       UnwindDown1                10057144 f   LIBCMTD:memcpy.obj
 0001:00056157       UnwindDown0                10057157 f   LIBCMTD:memcpy.obj
 0001:00056170       TrailDown0                 10057170 f   LIBCMTD:memcpy.obj
 0001:00056178       TrailDown1                 10057178 f   LIBCMTD:memcpy.obj
 0001:00056188       TrailDown2                 10057188 f   LIBCMTD:memcpy.obj
 0001:0005619c       TrailDown3                 1005719c f   LIBCMTD:memcpy.obj
 0001:00055ea0       CopyUp                     10056ea0 f   LIBCMTD:memcpy.obj
 0001:00055ebc       CopyLeadUp                 10056ebc f   LIBCMTD:memcpy.obj
 0001:00055ed4       ByteCopyUp                 10056ed4 f   LIBCMTD:memcpy.obj
 0001:00055edc       CopyUnwindUp               10056edc f   LIBCMTD:memcpy.obj
 0001:00056018       CopyDown                   10057018 f   LIBCMTD:memcpy.obj
 0001:00056040       CopyUnwindDown             10057040 f   LIBCMTD:memcpy.obj
 0001:0005604c       CopyLeadDown               1005704c f   LIBCMTD:memcpy.obj
 0001:00056064       ByteCopyDown               10057064 f   LIBCMTD:memcpy.obj
 0001:00055e71       returndi                   10056e71 f   LIBCMTD:strrchr.obj
 0001:00055e73       toend                      10056e73 f   LIBCMTD:strrchr.obj
 0001:00055d74       src_misaligned             10056d74 f   LIBCMTD:strncpy.obj
 0001:00055d90       tail_loop_start            10056d90 f   LIBCMTD:strncpy.obj
 0001:00055d95       copy_tail_loop             10056d95 f   LIBCMTD:strncpy.obj
 0001:00055da2       fill_tail_end1             10056da2 f   LIBCMTD:strncpy.obj
 0001:00055daa       align_dest                 10056daa f   LIBCMTD:strncpy.obj
 0001:00055db2       dest_align_loop            10056db2 f   LIBCMTD:strncpy.obj
 0001:00055dc4       dest_align_loop_end        10056dc4 f   LIBCMTD:strncpy.obj
 0001:00055dcb       finish_loop                10056dcb f   LIBCMTD:strncpy.obj
 0001:00055dce       fill_tail_zero_bytes       10056dce f   LIBCMTD:strncpy.obj
 0001:00055dd3       finish                     10056dd3 f   LIBCMTD:strncpy.obj
 0001:00055dd9       main_loop                  10056dd9 f   LIBCMTD:strncpy.obj
 0001:00055de1       main_loop_entrance         10056de1 f   LIBCMTD:strncpy.obj
 0001:00055e17       byte_2                     10056e17 f   LIBCMTD:strncpy.obj
 0001:00055e21       byte_1                     10056e21 f   LIBCMTD:strncpy.obj
 0001:00055e2b       byte_0                     10056e2b f   LIBCMTD:strncpy.obj
 0001:00055e2f       fill_with_EOS_dwords       10056e2f f   LIBCMTD:strncpy.obj
 0001:00055e37       fill_dwords_with_EOS       10056e37 f   LIBCMTD:strncpy.obj
 0001:00055e39       fill_with_EOS_loop         10056e39 f   LIBCMTD:strncpy.obj
 0001:00055e41       fill_tail                  10056e41 f   LIBCMTD:strncpy.obj
 0001:00055e46       fill_tail_end              10056e46 f   LIBCMTD:strncpy.obj
 0001:000542b0       _realloc_help              100552b0 f   LIBCMTD:dbgheap.obj
 0001:00054ef0       _CheckBytes                10055ef0 f   LIBCMTD:dbgheap.obj
 0001:00055ae0       __printMemBlockData        10056ae0 f   LIBCMTD:dbgheap.obj
 0001:000538f0       _strtoxl                   100548f0 f   LIBCMTD:strtol.obj
 0001:00053350       _xtoa                      10054350 f   LIBCMTD:xtoa.obj
 0001:000534d0       _x64toa@20                 100544d0 f   LIBCMTD:xtoa.obj
 0001:00053228       _gu_return                 10054228 f   LIBCMTD:exsup.obj
 0001:00053230       __unwind_handler           10054230 f   LIBCMTD:exsup.obj
 0001:00052fe0       ?CatchGuardHandler@@YA?AW4_EXCEPTION_DISPOSITION@@PAUEHExceptionRecord@@PAUCatchGuardRN@@PAX2@Z 10053fe0 f   LIBCMTD:trnsctrl.obj
 0001:000530f0       ?TranslatorGuardHandler@@YA?AW4_EXCEPTION_DISPOSITION@@PAUEHExceptionRecord@@PAUTranslatorGuardRN@@PAX2@Z 100540f0 f   LIBCMTD:trnsctrl.obj
 0001:00052d60       _$$$00001                  10053d60 f   LIBCMTD:strchr.obj
 0001:00052d88       str_misaligned             10053d88 f   LIBCMTD:strchr.obj
 0001:00052d9b       main_loop_start            10053d9b f   LIBCMTD:strchr.obj
 0001:00052da6       main_loop                  10053da6 f   LIBCMTD:strchr.obj
 0001:00052de2       retnull                    10053de2 f   LIBCMTD:strchr.obj
 0001:00052de4       retnull_bx                 10053de4 f   LIBCMTD:strchr.obj
 0001:00052de8       chr_is_found               10053de8 f   LIBCMTD:strchr.obj
 0001:00052e10       byte_3                     10053e10 f   LIBCMTD:strchr.obj
 0001:00052e17       byte_2                     10053e17 f   LIBCMTD:strchr.obj
 0001:00052e1e       byte_1                     10053e1e f   LIBCMTD:strchr.obj
 0001:00052e25       byte_0                     10053e25 f   LIBCMTD:strchr.obj
 0001:00052d60       found_bx                   10053d60 f   LIBCMTD:strchr.obj
 0001:00052d30       _$$$00001                  10053d30 f   LIBCMTD:chkstk.obj
 0001:00052d3c       probepages                 10053d3c f   LIBCMTD:chkstk.obj
 0001:00052d50       lastpage                   10053d50 f   LIBCMTD:chkstk.obj
 0001:00052c5d       dest_misaligned            10053c5d f   LIBCMTD:strcat.obj
 0001:00052c6c       find_end_of_dest_string_loop 10053c6c f   LIBCMTD:strcat.obj
 0001:00052c9f       start_byte_3               10053c9f f   LIBCMTD:strcat.obj
 0001:00052ca4       start_byte_2               10053ca4 f   LIBCMTD:strcat.obj
 0001:00052ca9       start_byte_1               10053ca9 f   LIBCMTD:strcat.obj
 0001:00052cae       start_byte_0               10053cae f   LIBCMTD:strcat.obj
 0001:00052cbd       src_misaligned             10053cbd f   LIBCMTD:strcat.obj
 0001:00052cd1       main_loop                  10053cd1 f   LIBCMTD:strcat.obj
 0001:00052cd6       main_loop_entrance         10053cd6 f   LIBCMTD:strcat.obj
 0001:00052d0a       byte_3                     10053d0a f   LIBCMTD:strcat.obj
 0001:00052d12       byte_2                     10053d12 f   LIBCMTD:strcat.obj
 0001:00052d1f       byte_1                     10053d1f f   LIBCMTD:strcat.obj
 0001:00052d28       byte_0                     10053d28 f   LIBCMTD:strcat.obj
 0001:00052cb1       copy_start                 10053cb1 f   LIBCMTD:strcat.obj
 0001:00052c03       adjust_loop                10053c03 f   LIBCMTD:memset.obj
 0001:00052c09       dwords                     10053c09 f   LIBCMTD:memset.obj
 0001:00052c23       main_loop_tail             10053c23 f   LIBCMTD:memset.obj
 0001:00052c27       tail                       10053c27 f   LIBCMTD:memset.obj
 0001:00052c2d       finish                     10053c2d f   LIBCMTD:memset.obj
 0001:00052c33       toend                      10053c33 f   LIBCMTD:memset.obj
 0001:00052b60       dodwords                   10053b60 f   LIBCMTD:strcmp.obj
 0001:00052b90       doneeq                     10053b90 f   LIBCMTD:strcmp.obj
 0001:00052b94       donene                     10053b94 f   LIBCMTD:strcmp.obj
 0001:00052b9c       dopartial                  10053b9c f   LIBCMTD:strcmp.obj
 0001:00052bb8       doword                     10053bb8 f   LIBCMTD:strcmp.obj
 0001:00052adc       str_misaligned             10053adc f   LIBCMTD:strlen.obj
 0001:00052af0       main_loop                  10053af0 f   LIBCMTD:strlen.obj
 0001:00052b23       byte_3                     10053b23 f   LIBCMTD:strlen.obj
 0001:00052b2d       byte_2                     10053b2d f   LIBCMTD:strlen.obj
 0001:00052b37       byte_1                     10053b37 f   LIBCMTD:strlen.obj
 0001:00052b41       byte_0                     10053b41 f   LIBCMTD:strlen.obj
